Component: ARM Compiler 5.06 update 5 (build 528) Tool: armlink [4d35e2]

==============================================================================

Section Cross References

    main.o(i.main) refers to system_init.o(i.system_Init) for system_Init
    main.o(i.main) refers to contral.o(i.contral_motor_Init) for contral_motor_Init
    main.o(i.main) refers to contral.o(i.claw_Init) for claw_Init
    main.o(i.main) refers to contral_claw.o(i.arrive_most_down) for arrive_most_down
    main.o(i.main) refers to delay.o(i.delay_ms) for delay_ms
    main.o(i.main) refers to uart.o(i.ResetAng_Z) for ResetAng_Z
    main.o(i.main) refers to contral_claw.o(i.arrive_most_up) for arrive_most_up
    main.o(i.main) refers to contral.o(i.MOTOR_Angle) for MOTOR_Angle
    main.o(i.main) refers to contral.o(i.MOTOR_Align) for MOTOR_Align
    main.o(i.main) refers to f2d.o(.text) for __aeabi_f2d
    main.o(i.main) refers to oled.o(i.OLED_Printf) for OLED_Printf
    main.o(i.main) refers to oled.o(i.OLED_ShowSignedNum) for OLED_ShowSignedNum
    main.o(i.main) refers to fflti.o(.text) for __aeabi_i2f
    main.o(i.main) refers to fadd.o(.text) for __aeabi_frsub
    main.o(i.main) refers to oled.o(i.OLED_Update) for OLED_Update
    main.o(i.main) refers to key.o(i.Key_Get) for Key_Get
    main.o(i.main) refers to contral.o(i.claw_turn0) for claw_turn0
    main.o(i.main) refers to uart.o(i.UART_SendPacket2UP) for UART_SendPacket2UP
    main.o(i.main) refers to uart.o(i.Serial1_GetRxFlag) for Serial1_GetRxFlag
    main.o(i.main) refers to contral.o(i.uart_handle) for uart_handle
    main.o(i.main) refers to uart.o(i.Serial5_GetRxFlag) for Serial5_GetRxFlag
    main.o(i.main) refers to uart.o(i.UART5_ParseCode) for UART5_ParseCode
    main.o(i.main) refers to uart.o(i.u2_printf) for u2_printf
    main.o(i.main) refers to contral.o(.data) for stepPosition
    main.o(i.main) refers to main.o(.data) for base_angle
    main.o(i.main) refers to uart.o(.data) for global_angle
    main.o(i.main) refers to uart.o(.bss) for UART5_RX_BUF
    main.o(i.test) refers to contral_claw.o(i.claw_put_block2) for claw_put_block2
    main.o(i.test) refers to delay.o(i.delay_ms) for delay_ms
    main.o(i.test) refers to contral_claw.o(i.arrive_most_up) for arrive_most_up
    main.o(i.test) refers to contral.o(i.claw_open1) for claw_open1
    main.o(i.test) refers to contral.o(i.claw_turn1) for claw_turn1
    main.o(i.test) refers to contral_claw.o(i.arrive_car_get) for arrive_car_get
    main.o(i.test) refers to contral.o(i.claw_close) for claw_close
    main.o(i.test) refers to contral.o(i.claw_turn0) for claw_turn0
    main.o(i.test) refers to contral_claw.o(i.arrive_block_putF2) for arrive_block_putF2
    main.o(i.test) refers to contral.o(i.claw_open) for claw_open
    main.o(i.test) refers to contral.o(i.support_turn120) for support_turn120
    system_stm32f10x.o(i.SetSysClock) refers to system_stm32f10x.o(i.SetSysClockTo72) for SetSysClockTo72
    system_stm32f10x.o(i.SystemCoreClockUpdate) refers to system_stm32f10x.o(.data) for SystemCoreClock
    system_stm32f10x.o(i.SystemInit) refers to system_stm32f10x.o(i.SetSysClock) for SetSysClock
    delay.o(i.delay_ms) refers to delay.o(i.delay_us) for delay_us
    delay.o(i.delay_s) refers to delay.o(i.delay_ms) for delay_ms
    startup_stm32f10x_hd.o(RESET) refers to startup_stm32f10x_hd.o(STACK) for __initial_sp
    startup_stm32f10x_hd.o(RESET) refers to startup_stm32f10x_hd.o(.text) for Reset_Handler
    startup_stm32f10x_hd.o(RESET) refers to stm32f10x_it.o(i.NMI_Handler) for NMI_Handler
    startup_stm32f10x_hd.o(RESET) refers to stm32f10x_it.o(i.HardFault_Handler) for HardFault_Handler
    startup_stm32f10x_hd.o(RESET) refers to stm32f10x_it.o(i.MemManage_Handler) for MemManage_Handler
    startup_stm32f10x_hd.o(RESET) refers to stm32f10x_it.o(i.BusFault_Handler) for BusFault_Handler
    startup_stm32f10x_hd.o(RESET) refers to stm32f10x_it.o(i.UsageFault_Handler) for UsageFault_Handler
    startup_stm32f10x_hd.o(RESET) refers to stm32f10x_it.o(i.SVC_Handler) for SVC_Handler
    startup_stm32f10x_hd.o(RESET) refers to stm32f10x_it.o(i.DebugMon_Handler) for DebugMon_Handler
    startup_stm32f10x_hd.o(RESET) refers to stm32f10x_it.o(i.PendSV_Handler) for PendSV_Handler
    startup_stm32f10x_hd.o(RESET) refers to stm32f10x_it.o(i.SysTick_Handler) for SysTick_Handler
    startup_stm32f10x_hd.o(RESET) refers to ws2812.o(i.DMA1_Channel4_IRQHandler) for DMA1_Channel4_IRQHandler
    startup_stm32f10x_hd.o(RESET) refers to motor.o(i.TIM2_IRQHandler) for TIM2_IRQHandler
    startup_stm32f10x_hd.o(RESET) refers to motor.o(i.TIM3_IRQHandler) for TIM3_IRQHandler
    startup_stm32f10x_hd.o(RESET) refers to motor.o(i.TIM4_IRQHandler) for TIM4_IRQHandler
    startup_stm32f10x_hd.o(RESET) refers to uart.o(i.USART1_IRQHandler) for USART1_IRQHandler
    startup_stm32f10x_hd.o(RESET) refers to uart.o(i.USART2_IRQHandler) for USART2_IRQHandler
[...]
    i.GPIO_WriteBit                          0x08000f2e   Section        0  stm32f10x_gpio.o(i.GPIO_WriteBit)
    i.HardFault_Handler                      0x08000f38   Section        0  stm32f10x_it.o(i.HardFault_Handler)
    i.KEY_Init                               0x08000f3c   Section        0  key.o(i.KEY_Init)
    i.Key_Get                                0x08000f70   Section        0  key.o(i.Key_Get)
    i.LED_Init                               0x08000fa4   Section        0  led.o(i.LED_Init)
    i.MOTOR1_Init                            0x08001028   Section        0  motor.o(i.MOTOR1_Init)
    i.MOTOR3_Init                            0x08001170   Section        0  motor.o(i.MOTOR3_Init)
    i.MOTOR4_Init                            0x080012ac   Section        0  motor.o(i.MOTOR4_Init)
    i.MOTOR7_Init                            0x080013ec   Section        0  motor.o(i.MOTOR7_Init)
    i.MOTOR8_Init                            0x0800153c   Section        0  motor.o(i.MOTOR8_Init)
    i.MOTOR_Align                            0x0800167c   Section        0  contral.o(i.MOTOR_Align)
    i.MOTOR_Angle                            0x080019bc   Section        0  contral.o(i.MOTOR_Angle)
    i.MOTOR_Angle_micro                      0x080019e8   Section        0  contral.o(i.MOTOR_Angle_micro)
    i.MOTOR_Direction                        0x08001a28   Section        0  contral.o(i.MOTOR_Direction)
    i.MOTOR_Displacement                     0x08001aa4   Section        0  contral.o(i.MOTOR_Displacement)
    i.MOTOR_Displacement_fm                  0x08001adc   Section        0  contral.o(i.MOTOR_Displacement_fm)
    i.MOTOR_Displacement_mm                  0x08001b38   Section        0  contral.o(i.MOTOR_Displacement_mm)
    i.MOTOR_TURN                             0x08001b78   Section        0  contral.o(i.MOTOR_TURN)
    i.MSD_Move                               0x08001bb8   Section        0  contral.o(i.MSD_Move)
    i.MSD_Move1                              0x08001d68   Section        0  contral.o(i.MSD_Move1)
    i.MSD_Move2                              0x08001ef4   Section        0  contral.o(i.MSD_Move2)
    i.MSD_StepCounter                        0x08002084   Section        0  contral.o(i.MSD_StepCounter)
    i.MSD_StepCounter1                       0x080020a4   Section        0  contral.o(i.MSD_StepCounter1)
    i.MSD_StepCounter2                       0x080020c4   Section        0  contral.o(i.MSD_StepCounter2)
    i.MemManage_Handler                      0x080020e4   Section        0  stm32f10x_it.o(i.MemManage_Handler)
    i.Motor1_DIR                             0x080020e8   Section        0  contral.o(i.Motor1_DIR)
    i.NMI_Handler                            0x08002108   Section        0  stm32f10x_it.o(i.NMI_Handler)
    i.NVIC_Init                              0x0800210c   Section        0  misc.o(i.NVIC_Init)
    i.NVIC_PriorityGroupConfig               0x0800217c   Section        0  misc.o(i.NVIC_PriorityGroupConfig)
    i.OLED_Clear                             0x08002190   Section        0  oled.o(i.OLED_Clear)
    i.OLED_ClearArea                         0x080021b8   Section        0  oled.o(i.OLED_ClearArea)
    i.OLED_GPIO_Init                         0x08002248   Section        0  oled.o(i.OLED_GPIO_Init)
    i.OLED_I2C_SendByte                      0x080022a4   Section        0  oled.o(i.OLED_I2C_SendByte)
    i.OLED_I2C_Start                         0x080022e2   Section        0  oled.o(i.OLED_I2C_Start)
    i.OLED_I2C_Stop                          0x080022fe   Section        0  oled.o(i.OLED_I2C_Stop)
    i.OLED_Init                              0x08002314   Section        0  oled.o(i.OLED_Init)
    i.OLED_Pow                               0x080023ae   Section        0  oled.o(i.OLED_Pow)
    i.OLED_Printf                            0x080023c2   Section        0  oled.o(i.OLED_Printf)
    i.OLED_SetCursor                         0x080023f4   Section        0  oled.o(i.OLED_SetCursor)
    i.OLED_ShowChar                          0x08002418   Section        0  oled.o(i.OLED_ShowChar)
    i.OLED_ShowImage                         0x0800246c   Section        0  oled.o(i.OLED_ShowImage)
    i.OLED_ShowSignedNum                     0x08002568   Section        0  oled.o(i.OLED_ShowSignedNum)
    i.OLED_ShowString                        0x080025d8   Section        0  oled.o(i.OLED_ShowString)
    i.OLED_Update                            0x080026e8   Section        0  oled.o(i.OLED_Update)
    i.OLED_W_SCL                             0x08002710   Section        0  oled.o(i.OLED_W_SCL)
    i.OLED_W_SDA                             0x0800272c   Section        0  oled.o(i.OLED_W_SDA)
    i.OLED_WriteCommand                      0x08002748   Section        0  oled.o(i.OLED_WriteCommand)
    i.OLED_WriteData                         0x08002768   Section        0  oled.o(i.OLED_WriteData)
    i.ParseData                              0x08002798   Section        0  uart.o(i.ParseData)
    i.PendSV_Handler                         0x080028d4   Section        0  stm32f10x_it.o(i.PendSV_Handler)
    i.RCC_AHBPeriphClockCmd                  0x080028d8   Section        0  stm32f10x_rcc.o(i.RCC_AHBPeriphClockCmd)
    i.RCC_APB1PeriphClockCmd                 0x080028f8   Section        0  stm32f10x_rcc.o(i.RCC_APB1PeriphClockCmd)
    i.RCC_APB2PeriphClockCmd                 0x08002918   Section        0  stm32f10x_rcc.o(i.RCC_APB2PeriphClockCmd)
    i.RCC_GetClocksFreq                      0x08002938   Section        0  stm32f10x_rcc.o(i.RCC_GetClocksFreq)
    i.ResetAng_Z                             0x08002a0c   Section        0  uart.o(i.ResetAng_Z)
    i.SERVO2_CONTRAL                         0x08002a34   Section        0  servo.o(i.SERVO2_CONTRAL)
    i.SERVO3_CONTRAL                         0x08002a80   Section        0  servo.o(i.SERVO3_CONTRAL)
    i.SVC_Handler                            0x08002acc   Section        0  stm32f10x_it.o(i.SVC_Handler)
    i.Serial1_GetRxFlag                      0x08002ad0   Section        0  uart.o(i.Serial1_GetRxFlag)
    i.Serial5_GetRxFlag                      0x08002aec   Section        0  uart.o(i.Serial5_GetRxFlag)
    i.Servo2_Init                            0x08002b08   Section        0  servo.o(i.Servo2_Init)
    i.Servo3_Init                            0x08002ba8   Section        0  servo.o(i.Servo3_Init)
    i.SetSysClock                            0x08002c48   Section        0  system_stm32f10x.o(i.SetSysClock)
    SetSysClock                              0x08002c49   Thumb Code     8  system_stm32f10x.o(i.SetSysClock)
    i.SetSysClockTo72                        0x08002c50   Section        0  system_stm32f10x.o(i.SetSysClockTo72)
    SetSysClockTo72                          0x08002c51   Thumb Code   214  system_stm32f10x.o(i.SetSysClockTo72)
    i.SysTick_Handler                        0x08002d30   Section        0  stm32f10x_it.o(i.SysTick_Handler)
    i.SystemInit                             0x08002d34   Section        0  system_stm32f10x.o(i.SystemInit)
    i.TIM2_IRQHandler                        0x08002d94   Section        0  motor.o(i.TIM2_IRQHandler)
    i.TIM3_IRQHandler                        0x08002fb4   Section        0  motor.o(i.TIM3_IRQHandler)
    i.TIM4_IRQHandler                        0x080031f0   Section        0  motor.o(i.TIM4_IRQHandler)
    i.TIM6_COUNT_Init                        0x08003410   Section        0  time_count.o(i.TIM6_COUNT_Init)
    i.TIM6_IRQHandler                        0x08003478   Section        0  time_count.o(i.TIM6_IRQHandler)
    i.TIM_ARRPreloadConfig                   0x080034c0   Section        0  stm32f10x_tim.o(i.TIM_ARRPreloadConfig)
    i.TIM_ClearITPendingBit                  0x080034d8   Section        0  stm32f10x_tim.o(i.TIM_ClearITPendingBit)
    i.TIM_Cmd                                0x080034de   Section        0  stm32f10x_tim.o(i.TIM_Cmd)
    i.TIM_CtrlPWMOutputs                     0x080034f6   Section        0  stm32f10x_tim.o(i.TIM_CtrlPWMOutputs)
    i.TIM_DMACmd                             0x08003514   Section        0  stm32f10x_tim.o(i.TIM_DMACmd)
    i.TIM_GetITStatus                        0x08003526   Section        0  stm32f10x_tim.o(i.TIM_GetITStatus)
    i.TIM_ITConfig                           0x08003548   Section        0  stm32f10x_tim.o(i.TIM_ITConfig)
    i.TIM_OC1Init                            0x0800355c   Section        0  stm32f10x_tim.o(i.TIM_OC1Init)
    i.TIM_OC1PreloadConfig                   0x080035f4   Section        0  stm32f10x_tim.o(i.TIM_OC1PreloadConfig)
    i.TIM_OC2Init                            0x08003608   Section        0  stm32f10x_tim.o(i.TIM_OC2Init)
    i.TIM_OC2PreloadConfig                   0x080036ac   Section        0  stm32f10x_tim.o(i.TIM_OC2PreloadConfig)
    i.TIM_OC3Init                            0x080036c8   Section        0  stm32f10x_tim.o(i.TIM_OC3Init)
    i.TIM_OC3PreloadConfig                   0x08003768   Section        0  stm32f10x_tim.o(i.TIM_OC3PreloadConfig)
    i.TIM_OC4Init                            0x0800377c   Section        0  stm32f10x_tim.o(i.TIM_OC4Init)
    i.TIM_OC4PreloadConfig                   0x080037f8   Section        0  stm32f10x_tim.o(i.TIM_OC4PreloadConfig)
    i.TIM_OCStructInit                       0x08003812   Section        0  stm32f10x_tim.o(i.TIM_OCStructInit)
    i.TIM_SetAutoreload                      0x08003826   Section        0  stm32f10x_tim.o(i.TIM_SetAutoreload)
    i.TIM_SetCompare1                        0x0800382a   Section        0  stm32f10x_tim.o(i.TIM_SetCompare1)
    i.TIM_SetCompare2                        0x0800382e   Section        0  stm32f10x_tim.o(i.TIM_SetCompare2)
    i.TIM_SetCompare3                        0x08003832   Section        0  stm32f10x_tim.o(i.TIM_SetCompare3)
    i.TIM_SetCompare4                        0x08003836   Section        0  stm32f10x_tim.o(i.TIM_SetCompare4)
    i.TIM_TimeBaseInit                       0x0800383c   Section        0  stm32f10x_tim.o(i.TIM_TimeBaseInit)
    i.TIM_TimeBaseStructInit                 0x080038e0   Section        0  stm32f10x_tim.o(i.TIM_TimeBaseStructInit)
    i.TIM_UpdateRequestConfig                0x080038f2   Section        0  stm32f10x_tim.o(i.TIM_UpdateRequestConfig)
    i.UART1_Init                             0x0800390c   Section        0  uart.o(i.UART1_Init)
    i.UART1_SendString                       0x080039b4   Section        0  uart.o(i.UART1_SendString)
    i.UART2_Init                             0x080039d0   Section        0  uart.o(i.UART2_Init)
    i.UART4_IRQHandler                       0x08003a84   Section        0  uart.o(i.UART4_IRQHandler)
    i.UART4_Init                             0x08003b3c   Section        0  uart.o(i.UART4_Init)
    i.UART5_IRQHandler                       0x08003be8   Section        0  uart.o(i.UART5_IRQHandler)
    i.UART5_Init                             0x08003c88   Section        0  uart.o(i.UART5_Init)
    i.UART5_ParseCode                        0x08003d48   Section        0  uart.o(i.UART5_ParseCode)
    i.UART5_SendArray                        0x08003d88   Section        0  uart.o(i.UART5_SendArray)
    i.UART5_Start_Scan                       0x08003da4   Section        0  uart.o(i.UART5_Start_Scan)
    i.UART_SendPacket2UP                     0x08003dc4   Section        0  uart.o(i.UART_SendPacket2UP)
    i.USART1_IRQHandler                      0x08003ddc   Section        0  uart.o(i.USART1_IRQHandler)
    i.USART1_SendBits                        0x08003e70   Section        0  uart.o(i.USART1_SendBits)
    i.USART2_IRQHandler                      0x08003e90   Section        0  uart.o(i.USART2_IRQHandler)
    i.USART5_SendBits                        0x08003ec8   Section        0  uart.o(i.USART5_SendBits)
    i.USART_ClearITPendingBit                0x08003ee4   Section        0  stm32f10x_usart.o(i.USART_ClearITPendingBit)
    i.USART_Cmd                              0x08003f02   Section        0  stm32f10x_usart.o(i.USART_Cmd)
    i.USART_GetFlagStatus                    0x08003f1a   Section        0  stm32f10x_usart.o(i.USART_GetFlagStatus)
    i.USART_GetITStatus                      0x08003f34   Section        0  stm32f10x_usart.o(i.USART_GetITStatus)
    i.USART_ITConfig                         0x08003f88   Section        0  stm32f10x_usart.o(i.USART_ITConfig)
    i.USART_Init                             0x08003fd4   Section        0  stm32f10x_usart.o(i.USART_Init)
    i.USART_ReceiveData                      0x080040ac   Section        0  stm32f10x_usart.o(i.USART_ReceiveData)
    i.USART_SendData                         0x080040b6   Section        0  stm32f10x_usart.o(i.USART_SendData)
    i.Uart4_SendByte                         0x080040c0   Section        0  uart.o(i.Uart4_SendByte)
    i.UsageFault_Handler                     0x080040e0   Section        0  stm32f10x_it.o(i.UsageFault_Handler)
    i.WS2812_Init                            0x080040e4   Section        0  ws2812.o(i.WS2812_Init)
    i.__0vsprintf                            0x080041f4   Section        0  printfa.o(i.__0vsprintf)
    i.__scatterload_copy                     0x08004218   Section       14  handlers.o(i.__scatterload_copy)
    i.__scatterload_null                     0x08004226   Section        2  handlers.o(i.__scatterload_null)
    i.__scatterload_zeroinit                 0x08004228   Section       14  handlers.o(i.__scatterload_zeroinit)
    i.__set_errno                            0x08004238   Section        0  errno.o(i.__set_errno)
    i._fp_digits                             0x08004244   Section        0  printfa.o(i._fp_digits)
    _fp_digits                               0x08004245   Thumb Code   366  printfa.o(i._fp_digits)
    i._printf_core                           0x080043c8   Section        0  printfa.o(i._printf_core)
    _printf_core                             0x080043c9   Thumb Code  1744  printfa.o(i._printf_core)
    i._printf_post_padding                   0x08004aa4   Section        0  printfa.o(i._printf_post_padding)
    _printf_post_padding                     0x08004aa5   Thumb Code    36  printfa.o(i._printf_post_padding)
    i._printf_pre_padding                    0x08004ac8   Section        0  printfa.o(i._printf_pre_padding)
    _printf_pre_padding                      0x08004ac9   Thumb Code    46  printfa.o(i._printf_pre_padding)
    i._sputc                                 0x08004af6   Section        0  printfa.o(i._sputc)
    _sputc                                   0x08004af7   Thumb Code    10  printfa.o(i._sputc)
    i.abs_int                                0x08004b00   Section        0  contral.o(i.abs_int)
    i.adjust_float                           0x08004b10   Section        0  contral.o(i.adjust_float)
    i.arrive_block2_get                      0x08004b30   Section        0  contral_claw.o(i.arrive_block2_get)
    i.arrive_block_get                       0x08004b54   Section        0  contral_claw.o(i.arrive_block_get)
    i.arrive_block_get1                      0x08004b78   Section        0  contral_claw.o(i.arrive_block_get1)
    i.arrive_block_put                       0x08004ba4   Section        0  contral_claw.o(i.arrive_block_put)
    i.arrive_camera                          0x08004bc8   Section        0  contral_claw.o(i.arrive_camera)
    i.arrive_car2_put                        0x08004bec   Section        0  contral_claw.o(i.arrive_car2_put)
    i.arrive_car_get                         0x08004c10   Section        0  contral_claw.o(i.arrive_car_get)
    i.arrive_car_put                         0x08004c34   Section        0  contral_claw.o(i.arrive_car_put)
    i.arrive_circle_capture                  0x08004c58   Section        0  contral_claw.o(i.arrive_circle_capture)
    i.arrive_circle_capture2                 0x08004c7c   Section        0  contral_claw.o(i.arrive_circle_capture2)
    i.arrive_color_reco                      0x08004ca0   Section        0  contral_claw.o(i.arrive_color_reco)
    i.arrive_most_down                       0x08004cc4   Section        0  contral_claw.o(i.arrive_most_down)
    i.arrive_most_up                         0x08004ce8   Section        0  contral_claw.o(i.arrive_most_up)
    i.arrive_put_down2                       0x08004d0c   Section        0  contral_claw.o(i.arrive_put_down2)
    i.claw_Init                              0x08004d30   Section        0  contral.o(i.claw_Init)
    i.claw_close                             0x08004d58   Section        0  contral.o(i.claw_close)
    i.claw_close2                            0x08004d84   Section        0  contral.o(i.claw_close2)
    i.claw_get_block1                        0x08004db0   Section        0  contral_claw.o(i.claw_get_block1)
    i.claw_get_block2                        0x08004df4   Section        0  contral_claw.o(i.claw_get_block2)
    i.claw_get_block3                        0x08004e38   Section        0  contral_claw.o(i.claw_get_block3)
    i.claw_get_block4                        0x08004e7c   Section        0  contral_claw.o(i.claw_get_block4)
    i.claw_get_block5                        0x08004ec0   Section        0  contral_claw.o(i.claw_get_block5)
    i.claw_home                              0x08004f04   Section        0  contral_claw.o(i.claw_home)
    i.claw_open                              0x08004f1c   Section        0  contral.o(i.claw_open)
    i.claw_open1                             0x08004f48   Section        0  contral.o(i.claw_open1)
    i.claw_position                          0x08004f74   Section        0  contral_claw.o(i.claw_position)
    i.claw_put_block1                        0x08004ff8   Section        0  contral_claw.o(i.claw_put_block1)
    i.claw_put_block2                        0x08005044   Section        0  contral_claw.o(i.claw_put_block2)
    i.claw_put_block3                        0x08005090   Section        0  contral_claw.o(i.claw_put_block3)
    i.claw_put_block4                        0x080050de   Section        0  contral_claw.o(i.claw_put_block4)
    i.claw_put_block5                        0x0800512c   Section        0  contral_claw.o(i.claw_put_block5)
    i.claw_turn0                             0x0800517c   Section        0  contral.o(i.claw_turn0)
    i.claw_turn1                             0x08005190   Section        0  contral.o(i.claw_turn1)
    i.claw_turn2                             0x080051a4   Section        0  contral.o(i.claw_turn2)
    i.claw_turn3                             0x080051b8   Section        0  contral.o(i.claw_turn3)
    i.claw_turn4                             0x080051cc   Section        0  contral.o(i.claw_turn4)
    i.claw_turn5                             0x080051e0   Section        0  contral.o(i.claw_turn5)
    i.contral_motor_Init                     0x080051f4   Section        0  contral.o(i.contral_motor_Init)
    i.delay_ms                               0x08005208   Section        0  delay.o(i.delay_ms)
    i.delay_us                               0x08005220   Section        0  delay.o(i.delay_us)
    i.determicro                             0x08005250   Section        0  uart.o(i.determicro)
    i.main                                   0x080052b8   Section        0  main.o(i.main)
    i.max_Return                             0x08005508   Section        0  contral.o(i.max_Return)
    i.sqrt                                   0x08005532   Section        0  sqrt.o(i.sqrt)
    i.support_turn120                        0x0800557e   Section        0  contral.o(i.support_turn120)
    i.system_Init                            0x08005590   Section        0  system_init.o(i.system_Init)
    i.u2_printf                              0x080055c8   Section        0  uart.o(i.u2_printf)
    i.uart_handle                            0x0800565c   Section        0  contral.o(i.uart_handle)
    .constdata                               0x08005fe8   Section     2367  oled_data.o(.constdata)
    .data                                    0x20000000   Section        6  main.o(.data)
    .data                                    0x20000006   Section       20  stm32f10x_rcc.o(.data)
    APBAHBPrescTable                         0x20000006   Data          16  stm32f10x_rcc.o(.data)
    ADCPrescTable                            0x20000016   Data           4  stm32f10x_rcc.o(.data)
    .data                                    0x2000001c   Section       36  motor.o(.data)
    last_accel_delay                         0x2000001c   Data           4  motor.o(.data)
    step_count                               0x20000020   Data           4  motor.o(.data)
    rest                                     0x20000024   Data           4  motor.o(.data)
    last_accel_delay                         0x20000028   Data           4  motor.o(.data)
    step_count                               0x2000002c   Data           4  motor.o(.data)
    rest                                     0x20000030   Data           4  motor.o(.data)
    last_accel_delay                         0x20000034   Data           4  motor.o(.data)
    step_count                               0x20000038   Data           4  motor.o(.data)
    rest                                     0x2000003c   Data           4  motor.o(.data)
    .data                                    0x20000040   Section       30  uart.o(.data)
    RX1State                                 0x20000058   Data           1  uart.o(.data)
    pRx1Packet                               0x20000059   Data           1  uart.o(.data)
    Rx_Index                                 0x2000005a   Data           1  uart.o(.data)
    state                                    0x2000005b   Data           1  uart.o(.data)
    RxState                                  0x2000005c   Data           1  uart.o(.data)
    pRxPacket                                0x2000005d   Data           1  uart.o(.data)
    .data                                    0x20000060   Section       28  contral.o(.data)
    .data                                    0x2000007c   Section        1  time_count.o(.data)
    flag                                     0x2000007c   Data           1  time_count.o(.data)
    .data                                    0x2000007e   Section        8  contral_claw.o(.data)
    .data                                    0x20000088   Section        4  errno.o(.data)
    _errno                                   0x20000088   Data           4  errno.o(.data)
    .bss                                     0x2000008c   Section      231  uart.o(.bss)
    Rx_Buffer                                0x20000168   Data          11  uart.o(.bss)
    .bss                                     0x20000174   Section       72  contral.o(.bss)
    .bss                                     0x200001bc   Section      576  ws2812.o(.bss)
    .bss                                     0x200003fc   Section     1024  oled.o(.bss)
    STACK                                    0x20000800   Section     1024  startup_stm32f10x_hd.o(STACK)

    Global Symbols

    Symbol Name                              Value     Ov Type        Size  Object(Section)

    BuildAttributes$$THM_ISAv4$P$D$K$B$S$PE$A:L22UL41UL21$X:L11$S22US41US21$IEEE1$IW$USESV6$~STKCKD$USESV7$~SHL$OTIME$ROPI$IEEEX$EBA8$MICROLIB$REQ8$PRES8$EABIv2 0x00000000   Number         0  anon$$obj.o ABSOLUTE
    __ARM_use_no_argv                        0x00000000   Number         0  main.o ABSOLUTE
    __cpp_initialize__aeabi_                  - Undefined Weak Reference
    __cxa_finalize                            - Undefined Weak Reference
    __decompress                              - Undefined Weak Reference
    _clock_init                               - Undefined Weak Reference
    _microlib_exit                            - Undefined Weak Reference
    __Vectors_Size                           0x00000130   Number         0  startup_stm32f10x_hd.o ABSOLUTE
    __Vectors                                0x08000000   Data           4  startup_stm32f10x_hd.o(RESET)
    __Vectors_End                            0x08000130   Data           0  startup_stm32f10x_hd.o(RESET)
    __main                                   0x08000131   Thumb Code     0  entry.o(.ARM.Collect$$$$00000000)
    _main_stk                                0x08000131   Thumb Code     0  entry2.o(.ARM.Collect$$$$00000001)
    _main_scatterload                        0x08000135   Thumb Code     0  entry5.o(.ARM.Collect$$$$00000004)
    __main_after_scatterload                 0x08000139   Thumb Code     0  entry5.o(.ARM.Collect$$$$00000004)
    _main_clock                              0x08000139   Thumb Code     0  entry7b.o(.ARM.Collect$$$$00000008)
    _main_cpp_init                           0x08000139   Thumb Code     0  entry8b.o(.ARM.Collect$$$$0000000A)
    _main_init                               0x08000139   Thumb Code     0  entry9a.o(.ARM.Collect$$$$0000000B)
    __rt_final_cpp                           0x08000141   Thumb Code     0  entry10a.o(.ARM.Collect$$$$0000000D)
    __rt_final_exit                          0x08000141   Thumb Code     0  entry11a.o(.ARM.Collect$$$$0000000F)
    Reset_Handler                            0x08000145   Thumb Code     8  startup_stm32f10x_hd.o(.text)
    ADC1_2_IRQHandler                        0x0800015f   Thumb Code     0  startup_stm32f10x_hd.o(.text)
    ADC3_IRQHandler                          0x0800015f   Thumb Code     0  startup_stm32f10x_hd.o(.text)
    CAN1_RX1_IRQHandler                      0x0800015f   Thumb Code     0  startup_stm32f10x_hd.o(.text)
    CAN1_SCE_IRQHandler                      0x0800015f   Thumb Code     0  startup_stm32f10x_hd.o(.text)
    DMA1_Channel1_IRQHandler                 0x0800015f   Thumb Code     0  startup_stm32f10x_hd.o(.text)
    DMA1_Channel2_IRQHandler                 0x0800015f   Thumb Code     0  startup_stm32f10x_hd.o(.text)
    DMA1_Channel3_IRQHandler                 0x0800015f   Thumb Code     0  startup_stm32f10x_hd.o(.text)
    DMA1_Channel5_IRQHandler                 0x0800015f   Thumb Code     0  startup_stm32f10x_hd.o(.text)
    DMA1_Channel6_IRQHandler                 0x0800015f   Thumb Code     0  startup_stm32f10x_hd.o(.text)
    DMA1_Channel7_IRQHandler                 0x0800015f   Thumb Code     0  startup_stm32f10x_hd.o(.text)
    DMA2_Channel1_IRQHandler                 0x0800015f   Thumb Code     0  startup_stm32f10x_hd.o(.text)
    DMA2_Channel2_IRQHandler                 0x0800015f   Thumb Code     0  startup_stm32f10x_hd.o(.text)
    DMA2_Channel3_IRQHandler                 0x0800015f   Thumb Code     0  startup_stm32f10x_hd.o(.text)
    DMA2_Channel4_5_IRQHandler               0x0800015f   Thumb Code     0  startup_stm32f10x_hd.o(.text)
    EXTI0_IRQHandler                         0x0800015f   Thumb Code     0  startup_stm32f10x_hd.o(.text)
    EXTI15_10_IRQHandler                     0x0800015f   Thumb Code     0  startup_stm32f10x_hd.o(.text)
    EXTI1_IRQHandler                         0x0800015f   Thumb Code     0  startup_stm32f10x_hd.o(.text)
    EXTI2_IRQHandler                         0x0800015f   Thumb Code     0  startup_stm32f10x_hd.o(.text)
    EXTI3_IRQHandler                         0x0800015f   Thumb Code     0  startup_stm32f10x_hd.o(.text)
    EXTI4_IRQHandler                         0x0800015f   Thumb Code     0  startup_stm32f10x_hd.o(.text)
    EXTI9_5_IRQHandler                       0x0800015f   Thumb Code     0  startup_stm32f10x_hd.o(.text)
    FLASH_IRQHandler                         0x0800015f   Thumb Code     0  startup_stm32f10x_hd.o(.text)
    FSMC_IRQHandler                          0x0800015f   Thumb Code     0  startup_stm32f10x_hd.o(.text)
    I2C1_ER_IRQHandler                       0x0800015f   Thumb Code     0  startup_stm32f10x_hd.o(.text)
    I2C1_EV_IRQHandler                       0x0800015f   Thumb Code     0  startup_stm32f10x_hd.o(.text)
    I2C2_ER_IRQHandler                       0x0800015f   Thumb Code     0  startup_stm32f10x_hd.o(.text)
    I2C2_EV_IRQHandler                       0x0800015f   Thumb Code     0  startup_stm32f10x_hd.o(.text)
    PVD_IRQHandler                           0x0800015f   Thumb Code     0  startup_stm32f10x_hd.o(.text)
    RCC_IRQHandler                           0x0800015f   Thumb Code     0  startup_stm32f10x_hd.o(.text)
    RTCAlarm_IRQHandler                      0x0800015f   Thumb Code     0  startup_stm32f10x_hd.o(.text)
    RTC_IRQHandler                           0x0800015f   Thumb Code     0  startup_stm32f10x_hd.o(.text)
    SDIO_IRQHandler                          0x0800015f   Thumb Code     0  startup_stm32f10x_hd.o(.text)
    SPI1_IRQHandler                          0x0800015f   Thumb Code     0  startup_stm32f10x_hd.o(.text)
    SPI2_IRQHandler                          0x0800015f   Thumb Code     0  startup_stm32f10x_hd.o(.text)
    SPI3_IRQHandler                          0x0800015f   Thumb Code     0  startup_stm32f10x_hd.o(.text)
    TAMPER_IRQHandler                        0x0800015f   Thumb Code     0  startup_stm32f10x_hd.o(.text)
    TIM1_BRK_IRQHandler                      0x0800015f   Thumb Code     0  startup_stm32f10x_hd.o(.text)
    TIM1_CC_IRQHandler                       0x0800015f   Thumb Code     0  startup_stm32f10x_hd.o(.text)
    TIM1_TRG_COM_IRQHandler                  0x0800015f   Thumb Code     0  startup_stm32f10x_hd.o(.text)
    TIM1_UP_IRQHandler                       0x0800015f   Thumb Code     0  startup_stm32f10x_hd.o(.text)
    TIM5_IRQHandler                          0x0800015f   Thumb Code     0  startup_stm32f10x_hd.o(.text)
    TIM7_IRQHandler                          0x0800015f   Thumb Code     0  startup_stm32f10x_hd.o(.text)
    TIM8_BRK_IRQHandler                      0x0800015f   Thumb Code     0  startup_stm32f10x_hd.o(.text)
    TIM8_CC_IRQHandler                       0x0800015f   Thumb Code     0  startup_stm32f10x_hd.o(.text)
    TIM8_TRG_COM_IRQHandler                  0x0800015f   Thumb Code     0  startup_stm32f10x_hd.o(.text)
    TIM8_UP_IRQHandler                       0x0800015f   Thumb Code     0  startup_stm32f10x_hd.o(.text)
    USART3_IRQHandler                        0x0800015f   Thumb Code     0  startup_stm32f10x_hd.o(.text)
    USBWakeUp_IRQHandler                     0x0800015f   Thumb Code     0  startup_stm32f10x_hd.o(.text)
    USB_HP_CAN1_TX_IRQHandler                0x0800015f   Thumb Code     0  startup_stm32f10x_hd.o(.text)
    USB_LP_CAN1_RX0_IRQHandler               0x0800015f   Thumb Code     0  startup_stm32f10x_hd.o(.text)
    WWDG_IRQHandler                          0x0800015f   Thumb Code     0  startup_stm32f10x_hd.o(.text)
    strlen                                   0x08000169   Thumb Code    14  strlen.o(.text)
    strcmp                                   0x08000177   Thumb Code    28  strcmp.o(.text)
    __aeabi_fadd                             0x08000193   Thumb Code   164  fadd.o(.text)
    __aeabi_fsub                             0x08000237   Thumb Code     6  fadd.o(.text)
    __aeabi_frsub                            0x0800023d   Thumb Code     6  fadd.o(.text)
    __aeabi_fmul                             0x08000243   Thumb Code   100  fmul.o(.text)
    __aeabi_dadd                             0x080002a7   Thumb Code   322  dadd.o(.text)
    __aeabi_dsub                             0x080003e9   Thumb Code     6  dadd.o(.text)
    __aeabi_drsub                            0x080003ef   Thumb Code     6  dadd.o(.text)
    __aeabi_dmul                             0x080003f5   Thumb Code   228  dmul.o(.text)
    __aeabi_ddiv                             0x080004d9   Thumb Code   222  ddiv.o(.text)
    __aeabi_i2f                              0x080005b7   Thumb Code    18  fflti.o(.text)
    __aeabi_i2d                              0x080005c9   Thumb Code    34  dflti.o(.text)
    __aeabi_ui2d                             0x080005eb   Thumb Code    26  dfltui.o(.text)
    __aeabi_f2iz                             0x08000605   Thumb Code    50  ffixi.o(.text)
    __aeabi_f2uiz                            0x08000637   Thumb Code    40  ffixui.o(.text)
    __aeabi_d2iz                             0x0800065f   Thumb Code    62  dfixi.o(.text)
    __aeabi_d2uiz                            0x0800069d   Thumb Code    50  dfixui.o(.text)
    __aeabi_f2d                              0x080006cf   Thumb Code    38  f2d.o(.text)
    __aeabi_cdcmpeq                          0x080006f5   Thumb Code     0  cdcmple.o(.text)
    __aeabi_cdcmple                          0x080006f5   Thumb Code    48  cdcmple.o(.text)
    __aeabi_cdrcmple                         0x08000725   Thumb Code    48  cdrcmple.o(.text)
    __aeabi_d2f                              0x08000755   Thumb Code    56  d2f.o(.text)
    __aeabi_cfcmpeq                          0x0800078d   Thumb Code     0  cfcmple.o(.text)
    __aeabi_cfcmple                          0x0800078d   Thumb Code    20  cfcmple.o(.text)
    __aeabi_cfrcmple                         0x080007a1   Thumb Code    20  cfrcmple.o(.text)
    __aeabi_uidiv                            0x080007b5   Thumb Code     0  uidiv.o(.text)
    __aeabi_uidivmod                         0x080007b5   Thumb Code    44  uidiv.o(.text)
    __aeabi_uldivmod                         0x080007e1   Thumb Code    98  uldiv.o(.text)
    __aeabi_llsl                             0x08000843   Thumb Code    30  llshl.o(.text)
    _ll_shift_l                              0x08000843   Thumb Code     0  llshl.o(.text)
    __aeabi_llsr                             0x08000861   Thumb Code    32  llushr.o(.text)
    _ll_ushift_r                             0x08000861   Thumb Code     0  llushr.o(.text)
    __aeabi_lasr                             0x08000881   Thumb Code    36  llsshr.o(.text)
    _ll_sshift_r                             0x08000881   Thumb Code     0  llsshr.o(.text)
    __I$use$fp                               0x080008a5   Thumb Code     0  iusefp.o(.text)
    _float_round                             0x080008a5   Thumb Code    18  fepilogue.o(.text)
    _float_epilogue                          0x080008b7   Thumb Code    92  fepilogue.o(.text)
    _double_round                            0x08000913   Thumb Code    30  depilogue.o(.text)
    _double_epilogue                         0x08000931   Thumb Code   156  depilogue.o(.text)
    _dsqrt                                   0x080009cd   Thumb Code   162  dsqrt.o(.text)
    __aeabi_d2ulz                            0x08000a6f   Thumb Code    48  dfixul.o(.text)
    __scatterload                            0x08000aa1   Thumb Code    28  init.o(.text)
    __scatterload_rt2                        0x08000aa1   Thumb Code     0  init.o(.text)
    BusFault_Handler                         0x08000ac5   Thumb Code     4  stm32f10x_it.o(i.BusFault_Handler)
    CalculateChecksum                        0x08000ac9   Thumb Code    30  uart.o(i.CalculateChecksum)
    DIR1                                     0x08000ae9   Thumb Code    26  contral.o(i.DIR1)
    DIR2                                     0x08000b09   Thumb Code    30  contral.o(i.DIR2)
    DIR3                                     0x08000b2d   Thumb Code    30  contral.o(i.DIR3)
    DIR4                                     0x08000b51   Thumb Code    26  contral.o(i.DIR4)
    DMA1_Channel4_IRQHandler                 0x08000b71   Thumb Code    22  ws2812.o(i.DMA1_Channel4_IRQHandler)
    DMA_ClearITPendingBit                    0x08000b89   Thumb Code    18  stm32f10x_dma.o(i.DMA_ClearITPendingBit)
    DMA_DeInit                               0x08000ba5   Thumb Code   324  stm32f10x_dma.o(i.DMA_DeInit)
    DMA_GetITStatus                          0x08000cf1   Thumb Code    36  stm32f10x_dma.o(i.DMA_GetITStatus)
    DMA_ITConfig                             0x08000d1d   Thumb Code    18  stm32f10x_dma.o(i.DMA_ITConfig)
    DMA_Init                                 0x08000d2f   Thumb Code    60  stm32f10x_dma.o(i.DMA_Init)
    DebugMon_Handler                         0x08000d6b   Thumb Code     2  stm32f10x_it.o(i.DebugMon_Handler)
    GPIO_Init                                0x08000d6d   Thumb Code   278  stm32f10x_gpio.o(i.GPIO_Init)
    GPIO_PinRemapConfig                      0x08000e85   Thumb Code   138  stm32f10x_gpio.o(i.GPIO_PinRemapConfig)
    GPIO_ReadInputDataBit                    0x08000f15   Thumb Code    18  stm32f10x_gpio.o(i.GPIO_ReadInputDataBit)
    GPIO_ResetBits                           0x08000f27   Thumb Code     4  stm32f10x_gpio.o(i.GPIO_ResetBits)
    GPIO_SetBits                             0x08000f2b   Thumb Code     4  stm32f10x_gpio.o(i.GPIO_SetBits)
    GPIO_WriteBit                            0x08000f2f   Thumb Code    10  stm32f10x_gpio.o(i.GPIO_WriteBit)
    HardFault_Handler                        0x08000f39   Thumb Code     4  stm32f10x_it.o(i.HardFault_Handler)
    KEY_Init                                 0x08000f3d   Thumb Code    46  key.o(i.KEY_Init)
    Key_Get                                  0x08000f71   Thumb Code    48  key.o(i.Key_Get)
    LED_Init                                 0x08000fa5   Thumb Code   122  led.o(i.LED_Init)
    MOTOR1_Init                              0x08001029   Thumb Code   312  motor.o(i.MOTOR1_Init)
    MOTOR3_Init                              0x08001171   Thumb Code   300  motor.o(i.MOTOR3_Init)
    MOTOR4_Init                              0x080012ad   Thumb Code   302  motor.o(i.MOTOR4_Init)
    MOTOR7_Init                              0x080013ed   Thumb Code   314  motor.o(i.MOTOR7_Init)
    MOTOR8_Init                              0x0800153d   Thumb Code   304  motor.o(i.MOTOR8_Init)
    MOTOR_Align                              0x0800167d   Thumb Code   814  contral.o(i.MOTOR_Align)
    MOTOR_Angle                              0x080019bd   Thumb Code    40  contral.o(i.MOTOR_Angle)
    MOTOR_Angle_micro                        0x080019e9   Thumb Code    56  contral.o(i.MOTOR_Angle_micro)
    MOTOR_Direction                          0x08001a29   Thumb Code   124  contral.o(i.MOTOR_Direction)
    MOTOR_Displacement                       0x08001aa5   Thumb Code    52  contral.o(i.MOTOR_Displacement)
    MOTOR_Displacement_fm                    0x08001add   Thumb Code    80  contral.o(i.MOTOR_Displacement_fm)
    MOTOR_Displacement_mm                    0x08001b39   Thumb Code    60  contral.o(i.MOTOR_Displacement_mm)
    MOTOR_TURN                               0x08001b79   Thumb Code    64  contral.o(i.MOTOR_TURN)
    MSD_Move                                 0x08001bb9   Thumb Code   406  contral.o(i.MSD_Move)
    MSD_Move1                                0x08001d69   Thumb Code   374  contral.o(i.MSD_Move1)
    MSD_Move2                                0x08001ef5   Thumb Code   374  contral.o(i.MSD_Move2)
    MSD_StepCounter                          0x08002085   Thumb Code    28  contral.o(i.MSD_StepCounter)
    MSD_StepCounter1                         0x080020a5   Thumb Code    28  contral.o(i.MSD_StepCounter1)
    MSD_StepCounter2                         0x080020c5   Thumb Code    28  contral.o(i.MSD_StepCounter2)
    MemManage_Handler                        0x080020e5   Thumb Code     4  stm32f10x_it.o(i.MemManage_Handler)
    Motor1_DIR                               0x080020e9   Thumb Code    26  contral.o(i.Motor1_DIR)
    NMI_Handler                              0x08002109   Thumb Code     2  stm32f10x_it.o(i.NMI_Handler)
    NVIC_Init                                0x0800210d   Thumb Code   100  misc.o(i.NVIC_Init)
    NVIC_PriorityGroupConfig                 0x0800217d   Thumb Code    10  misc.o(i.NVIC_PriorityGroupConfig)
    OLED_Clear                               0x08002191   Thumb Code    36  oled.o(i.OLED_Clear)
    OLED_ClearArea                           0x080021b9   Thumb Code   140  oled.o(i.OLED_ClearArea)
    OLED_GPIO_Init                           0x08002249   Thumb Code    88  oled.o(i.OLED_GPIO_Init)
    OLED_I2C_SendByte                        0x080022a5   Thumb Code    62  oled.o(i.OLED_I2C_SendByte)
    OLED_I2C_Start                           0x080022e3   Thumb Code    28  oled.o(i.OLED_I2C_Start)
    OLED_I2C_Stop                            0x080022ff   Thumb Code    22  oled.o(i.OLED_I2C_Stop)
    OLED_Init                                0x08002315   Thumb Code   154  oled.o(i.OLED_Init)
    OLED_Pow                                 0x080023af   Thumb Code    20  oled.o(i.OLED_Pow)
    OLED_Printf                              0x080023c3   Thumb Code    50  oled.o(i.OLED_Printf)
    OLED_SetCursor                           0x080023f5   Thumb Code    34  oled.o(i.OLED_SetCursor)
    OLED_ShowChar                            0x08002419   Thumb Code    74  oled.o(i.OLED_ShowChar)
    OLED_ShowImage                           0x0800246d   Thumb Code   248  oled.o(i.OLED_ShowImage)
    OLED_ShowSignedNum                       0x08002569   Thumb Code   112  oled.o(i.OLED_ShowSignedNum)
    OLED_ShowString                          0x080025d9   Thumb Code   262  oled.o(i.OLED_ShowString)
    OLED_Update                              0x080026e9   Thumb Code    36  oled.o(i.OLED_Update)
    OLED_W_SCL                               0x08002711   Thumb Code    22  oled.o(i.OLED_W_SCL)
    OLED_W_SDA                               0x0800272d   Thumb Code    22  oled.o(i.OLED_W_SDA)
    OLED_WriteCommand                        0x08002749   Thumb Code    32  oled.o(i.OLED_WriteCommand)
    OLED_WriteData                           0x08002769   Thumb Code    46  oled.o(i.OLED_WriteData)
    ParseData                                0x08002799   Thumb Code   288  uart.o(i.ParseData)
    PendSV_Handler                           0x080028d5   Thumb Code     2  stm32f10x_it.o(i.PendSV_Handler)
    RCC_AHBPeriphClockCmd                    0x080028d9   Thumb Code    26  stm32f10x_rcc.o(i.RCC_AHBPeriphClockCmd)
    RCC_APB1PeriphClockCmd                   0x080028f9   Thumb Code    26  stm32f10x_rcc.o(i.RCC_APB1PeriphClockCmd)
    RCC_APB2PeriphClockCmd                   0x08002919   Thumb Code    26  stm32f10x_rcc.o(i.RCC_APB2PeriphClockCmd)
    RCC_GetClocksFreq                        0x08002939   Thumb Code   192  stm32f10x_rcc.o(i.RCC_GetClocksFreq)
    ResetAng_Z                               0x08002a0d   Thumb Code    40  uart.o(i.ResetAng_Z)
    SERVO2_CONTRAL                           0x08002a35   Thumb Code    60  servo.o(i.SERVO2_CONTRAL)
    SERVO3_CONTRAL                           0x08002a81   Thumb Code    60  servo.o(i.SERVO3_CONTRAL)
    SVC_Handler                              0x08002acd   Thumb Code     2  stm32f10x_it.o(i.SVC_Handler)
    Serial1_GetRxFlag                        0x08002ad1   Thumb Code    22  uart.o(i.Serial1_GetRxFlag)
    Serial5_GetRxFlag                        0x08002aed   Thumb Code    22  uart.o(i.Serial5_GetRxFlag)
    Servo2_Init                              0x08002b09   Thumb Code   152  servo.o(i.Servo2_Init)
    Servo3_Init                              0x08002ba9   Thumb Code   152  servo.o(i.Servo3_Init)
    SysTick_Handler                          0x08002d31   Thumb Code     2  stm32f10x_it.o(i.SysTick_Handler)
    SystemInit                               0x08002d35   Thumb Code    78  system_stm32f10x.o(i.SystemInit)
    TIM2_IRQHandler                          0x08002d95   Thumb Code   524  motor.o(i.TIM2_IRQHandler)
    TIM3_IRQHandler                          0x08002fb5   Thumb Code   550  motor.o(i.TIM3_IRQHandler)
    TIM4_IRQHandler                          0x080031f1   Thumb Code   524  motor.o(i.TIM4_IRQHandler)
    TIM6_COUNT_Init                          0x08003411   Thumb Code   100  time_count.o(i.TIM6_COUNT_Init)
    TIM6_IRQHandler                          0x08003479   Thumb Code    54  time_count.o(i.TIM6_IRQHandler)
    TIM_ARRPreloadConfig                     0x080034c1   Thumb Code    24  stm32f10x_tim.o(i.TIM_ARRPreloadConfig)
    TIM_ClearITPendingBit                    0x080034d9   Thumb Code     6  stm32f10x_tim.o(i.TIM_ClearITPendingBit)
    TIM_Cmd                                  0x080034df   Thumb Code    24  stm32f10x_tim.o(i.TIM_Cmd)
    TIM_CtrlPWMOutputs                       0x080034f7   Thumb Code    30  stm32f10x_tim.o(i.TIM_CtrlPWMOutputs)
    TIM_DMACmd                               0x08003515   Thumb Code    18  stm32f10x_tim.o(i.TIM_DMACmd)
    TIM_GetITStatus                          0x08003527   Thumb Code    34  stm32f10x_tim.o(i.TIM_GetITStatus)
    TIM_ITConfig                             0x08003549   Thumb Code    18  stm32f10x_tim.o(i.TIM_ITConfig)
    TIM_OC1Init                              0x0800355d   Thumb Code   132  stm32f10x_tim.o(i.TIM_OC1Init)
    TIM_OC1PreloadConfig                     0x080035f5   Thumb Code    18  stm32f10x_tim.o(i.TIM_OC1PreloadConfig)
    TIM_OC2Init                              0x08003609   Thumb Code   154  stm32f10x_tim.o(i.TIM_OC2Init)
    TIM_OC2PreloadConfig                     0x080036ad   Thumb Code    26  stm32f10x_tim.o(i.TIM_OC2PreloadConfig)
    TIM_OC3Init                              0x080036c9   Thumb Code   150  stm32f10x_tim.o(i.TIM_OC3Init)
    TIM_OC3PreloadConfig                     0x08003769   Thumb Code    18  stm32f10x_tim.o(i.TIM_OC3PreloadConfig)
    TIM_OC4Init                              0x0800377d   Thumb Code   114  stm32f10x_tim.o(i.TIM_OC4Init)
    TIM_OC4PreloadConfig                     0x080037f9   Thumb Code    26  stm32f10x_tim.o(i.TIM_OC4PreloadConfig)
    TIM_OCStructInit                         0x08003813   Thumb Code    20  stm32f10x_tim.o(i.TIM_OCStructInit)
    TIM_SetAutoreload                        0x08003827   Thumb Code     4  stm32f10x_tim.o(i.TIM_SetAutoreload)
    TIM_SetCompare1                          0x0800382b   Thumb Code     4  stm32f10x_tim.o(i.TIM_SetCompare1)
    TIM_SetCompare2                          0x0800382f   Thumb Code     4  stm32f10x_tim.o(i.TIM_SetCompare2)
    TIM_SetCompare3                          0x08003833   Thumb Code     4  stm32f10x_tim.o(i.TIM_SetCompare3)
    TIM_SetCompare4                          0x08003837   Thumb Code     6  stm32f10x_tim.o(i.TIM_SetCompare4)
    TIM_TimeBaseInit                         0x0800383d   Thumb Code   122  stm32f10x_tim.o(i.TIM_TimeBaseInit)
    TIM_TimeBaseStructInit                   0x080038e1   Thumb Code    18  stm32f10x_tim.o(i.TIM_TimeBaseStructInit)
    TIM_UpdateRequestConfig                  0x080038f3   Thumb Code    24  stm32f10x_tim.o(i.TIM_UpdateRequestConfig)
    UART1_Init                               0x0800390d   Thumb Code   160  uart.o(i.UART1_Init)
    UART1_SendString                         0x080039b5   Thumb Code    26  uart.o(i.UART1_SendString)
    UART2_Init                               0x080039d1   Thumb Code   172  uart.o(i.UART2_Init)
    UART4_IRQHandler                         0x08003a85   Thumb Code   166  uart.o(i.UART4_IRQHandler)
    UART4_Init                               0x08003b3d   Thumb Code   164  uart.o(i.UART4_Init)
    UART5_IRQHandler                         0x08003be9   Thumb Code   140  uart.o(i.UART5_IRQHandler)
    UART5_Init                               0x08003c89   Thumb Code   180  uart.o(i.UART5_Init)
    UART5_ParseCode                          0x08003d49   Thumb Code    64  uart.o(i.UART5_ParseCode)
    UART5_SendArray                          0x08003d89   Thumb Code    26  uart.o(i.UART5_SendArray)
    UART5_Start_Scan                         0x08003da5   Thumb Code    20  uart.o(i.UART5_Start_Scan)
    UART_SendPacket2UP                       0x08003dc5   Thumb Code    24  uart.o(i.UART_SendPacket2UP)
    USART1_IRQHandler                        0x08003ddd   Thumb Code   128  uart.o(i.USART1_IRQHandler)
    USART1_SendBits                          0x08003e71   Thumb Code    26  uart.o(i.USART1_SendBits)
    USART2_IRQHandler                        0x08003e91   Thumb Code    48  uart.o(i.USART2_IRQHandler)
    USART5_SendBits                          0x08003ec9   Thumb Code    24  uart.o(i.USART5_SendBits)
    USART_ClearITPendingBit                  0x08003ee5   Thumb Code    30  stm32f10x_usart.o(i.USART_ClearITPendingBit)
    USART_Cmd                                0x08003f03   Thumb Code    24  stm32f10x_usart.o(i.USART_Cmd)
    USART_GetFlagStatus                      0x08003f1b   Thumb Code    26  stm32f10x_usart.o(i.USART_GetFlagStatus)
    USART_GetITStatus                        0x08003f35   Thumb Code    84  stm32f10x_usart.o(i.USART_GetITStatus)
    USART_ITConfig                           0x08003f89   Thumb Code    74  stm32f10x_usart.o(i.USART_ITConfig)
    USART_Init                               0x08003fd5   Thumb Code   210  stm32f10x_usart.o(i.USART_Init)
    USART_ReceiveData                        0x080040ad   Thumb Code    10  stm32f10x_usart.o(i.USART_ReceiveData)
    USART_SendData                           0x080040b7   Thumb Code     8  stm32f10x_usart.o(i.USART_SendData)
    Uart4_SendByte                           0x080040c1   Thumb Code    26  uart.o(i.Uart4_SendByte)
    UsageFault_Handler                       0x080040e1   Thumb Code     4  stm32f10x_it.o(i.UsageFault_Handler)
    WS2812_Init                              0x080040e5   Thumb Code   256  ws2812.o(i.WS2812_Init)
    __0vsprintf                              0x080041f5   Thumb Code    30  printfa.o(i.__0vsprintf)
    __1vsprintf                              0x080041f5   Thumb Code     0  printfa.o(i.__0vsprintf)
    __2vsprintf                              0x080041f5   Thumb Code     0  printfa.o(i.__0vsprintf)
    __c89vsprintf                            0x080041f5   Thumb Code     0  printfa.o(i.__0vsprintf)
    vsprintf                                 0x080041f5   Thumb Code     0  printfa.o(i.__0vsprintf)
    __scatterload_copy                       0x08004219   Thumb Code    14  handlers.o(i.__scatterload_copy)
    __scatterload_null                       0x08004227   Thumb Code     2  handlers.o(i.__scatterload_null)
    __scatterload_zeroinit                   0x08004229   Thumb Code    14  handlers.o(i.__scatterload_zeroinit)
    __set_errno                              0x08004239   Thumb Code     6  errno.o(i.__set_errno)
    abs_int                                  0x08004b01   Thumb Code    16  contral.o(i.abs_int)
    adjust_float                             0x08004b11   Thumb Code    30  contral.o(i.adjust_float)
    arrive_block2_get                        0x08004b31   Thumb Code    32  contral_claw.o(i.arrive_block2_get)
    arrive_block_get                         0x08004b55   Thumb Code    32  contral_claw.o(i.arrive_block_get)
    arrive_block_get1                        0x08004b79   Thumb Code    36  contral_claw.o(i.arrive_block_get1)
    arrive_block_put                         0x08004ba5   Thumb Code    32  contral_claw.o(i.arrive_block_put)
    arrive_camera                            0x08004bc9   Thumb Code    32  contral_claw.o(i.arrive_camera)
    arrive_car2_put                          0x08004bed   Thumb Code    32  contral_claw.o(i.arrive_car2_put)
    arrive_car_get                           0x08004c11   Thumb Code    32  contral_claw.o(i.arrive_car_get)
    arrive_car_put                           0x08004c35   Thumb Code    32  contral_claw.o(i.arrive_car_put)
    arrive_circle_capture                    0x08004c59   Thumb Code    32  contral_claw.o(i.arrive_circle_capture)
    arrive_circle_capture2                   0x08004c7d   Thumb Code    32  contral_claw.o(i.arrive_circle_capture2)
    arrive_color_reco                        0x08004ca1   Thumb Code    32  contral_claw.o(i.arrive_color_reco)
    arrive_most_down                         0x08004cc5   Thumb Code    32  contral_claw.o(i.arrive_most_down)
    arrive_most_up                           0x08004ce9   Thumb Code    32  contral_claw.o(i.arrive_most_up)
    arrive_put_down2                         0x08004d0d   Thumb Code    32  contral_claw.o(i.arrive_put_down2)
    claw_Init                                0x08004d31   Thumb Code    34  contral.o(i.claw_Init)
    claw_close                               0x08004d59   Thumb Code    38  contral.o(i.claw_close)
    claw_close2                              0x08004d85   Thumb Code    38  contral.o(i.claw_close2)
    claw_get_block1                          0x08004db1   Thumb Code    68  contral_claw.o(i.claw_get_block1)
    claw_get_block2                          0x08004df5   Thumb Code    68  contral_claw.o(i.claw_get_block2)
    claw_get_block3                          0x08004e39   Thumb Code    68  contral_claw.o(i.claw_get_block3)
    claw_get_block4                          0x08004e7d   Thumb Code    68  contral_claw.o(i.claw_get_block4)
    claw_get_block5                          0x08004ec1   Thumb Code    68  contral_claw.o(i.claw_get_block5)
    claw_home                                0x08004f05   Thumb Code    24  contral_claw.o(i.claw_home)
    claw_open                                0x08004f1d   Thumb Code    38  contral.o(i.claw_open)
    claw_open1                               0x08004f49   Thumb Code    38  contral.o(i.claw_open1)
    claw_position                            0x08004f75   Thumb Code   120  contral_claw.o(i.claw_position)
    claw_put_block1                          0x08004ff9   Thumb Code    76  contral_claw.o(i.claw_put_block1)
    claw_put_block2                          0x08005045   Thumb Code    76  contral_claw.o(i.claw_put_block2)
    claw_put_block3                          0x08005091   Thumb Code    78  contral_claw.o(i.claw_put_block3)
    claw_put_block4                          0x080050df   Thumb Code    78  contral_claw.o(i.claw_put_block4)
    claw_put_block5                          0x0800512d   Thumb Code    78  contral_claw.o(i.claw_put_block5)
    claw_turn0                               0x0800517d   Thumb Code    16  contral.o(i.claw_turn0)
    claw_turn1                               0x08005191   Thumb Code    16  contral.o(i.claw_turn1)
    claw_turn2                               0x080051a5   Thumb Code    16  contral.o(i.claw_turn2)
    claw_turn3                               0x080051b9   Thumb Code    16  contral.o(i.claw_turn3)
    claw_turn4                               0x080051cd   Thumb Code    16  contral.o(i.claw_turn4)
    claw_turn5                               0x080051e1   Thumb Code    16  contral.o(i.claw_turn5)
    contral_motor_Init                       0x080051f5   Thumb Code    20  contral.o(i.contral_motor_Init)
    delay_ms                                 0x08005209   Thumb Code    24  delay.o(i.delay_ms)
    delay_us                                 0x08005221   Thumb Code    46  delay.o(i.delay_us)
    determicro                               0x08005251   Thumb Code    90  uart.o(i.determicro)
    main                                     0x080052b9   Thumb Code   490  main.o(i.main)
    max_Return                               0x08005509   Thumb Code    42  contral.o(i.max_Return)
    sqrt                                     0x08005533   Thumb Code    76  sqrt.o(i.sqrt)
    support_turn120                          0x0800557f   Thumb Code    18  contral.o(i.support_turn120)
    system_Init                              0x08005591   Thumb Code    54  system_init.o(i.system_Init)
    u2_printf                                0x080055c9   Thumb Code   138  uart.o(i.u2_printf)
    uart_handle                              0x0800565d   Thumb Code  2412  contral.o(i.uart_handle)
    OLED_F8x16                               0x08005fe8   Data        1520  oled_data.o(.constdata)
    OLED_F6x8                                0x080065d8   Data         570  oled_data.o(.constdata)
    OLED_CF16x16                             0x08006812   Data         245  oled_data.o(.constdata)
    Diode                                    0x08006907   Data          32  oled_data.o(.constdata)
    Region$$Table$$Base                      0x08006928   Number         0  anon$$obj.o(Region$$Table)
    Region$$Table$$Limit                     0x08006948   Number         0  anon$$obj.o(Region$$Table)
    base_angle                               0x20000000   Data           2  main.o(.data)
    code1                                    0x20000002   Data           2  main.o(.data)
    code2                                    0x20000004   Data           2  main.o(.data)
    Serial_Flag                              0x20000040   Data           1  uart.o(.data)
    Serial_Flag2                             0x20000041   Data           1  uart.o(.data)
    Serial_Flag5                             0x20000042   Data           1  uart.o(.data)
    Serial_TXPacket                          0x20000043   Data           3  uart.o(.data)
    global_angle                             0x20000048   Data           4  uart.o(.data)
    new_data_received                        0x2000004c   Data           1  uart.o(.data)
    angular_velocity_y                       0x20000050   Data           4  uart.o(.data)
    angular_velocity_z                       0x20000054   Data           4  uart.o(.data)
    servo_angle1                             0x20000060   Data           1  contral.o(.data)
    servo_angle2                             0x20000061   Data           1  contral.o(.data)
    servo_angle3                             0x20000062   Data           2  contral.o(.data)
    stepPosition                             0x20000064   Data           4  contral.o(.data)
    stepPosition1                            0x20000068   Data           4  contral.o(.data)
    stepPosition2                            0x2000006c   Data           4  contral.o(.data)
    distance                                 0x20000070   Data           4  contral.o(.data)
    angle_temp                               0x20000074   Data           2  contral.o(.data)
    distance1                                0x20000078   Data           4  contral.o(.data)
    claw                                     0x2000007e   Data           6  contral_claw.o(.data)
    claw_block_get1                          0x20000084   Data           2  contral_claw.o(.data)
    UART5_RX_BUF                             0x2000008c   Data         100  uart.o(.bss)
    Serial_RXPacket                          0x200000f0   Data           9  uart.o(.bss)
    USART2_TX_BUF                            0x200000f9   Data         100  uart.o(.bss)
    received_data_packet                     0x2000015d   Data          11  uart.o(.bss)
    srd                                      0x20000174   Data          24  contral.o(.bss)
    srd1                                     0x2000018c   Data          24  contral.o(.bss)
    srd2                                     0x200001a4   Data          24  contral.o(.bss)
    ws2812_buffer                            0x200001bc   Data         576  ws2812.o(.bss)
    OLED_DisplayBuf                          0x200003fc   Data        1024  oled.o(.bss)
    __initial_sp                             0x20000c00   Data           0  startup_stm32f10x_hd.o(STACK)



==============================================================================

Memory Map of the image

  Image Entry point : 0x08000145

  Load Region LR_1 (Base: 0x08000000, Size: 0x000069d4, Max: 0xffffffff, ABSOLUTE)

    Execution Region ER_RO (Exec base: 0x08000000, Load base: 0x08000000, Size: 0x00006948, Max: 0xffffffff, ABSOLUTE)

    Exec Addr    Load Addr    Size         Type   Attr      Idx    E Section Name        Object

    0x08000000   0x08000000   0x00000130   Data   RO          361    RESET               startup_stm32f10x_hd.o
    0x08000130   0x08000130   0x00000000   Code   RO         4558  * .ARM.Collect$$$$00000000  mc_w.l(entry.o)
    0x08000130   0x08000130   0x00000004   Code   RO         4654    .ARM.Collect$$$$00000001  mc_w.l(entry2.o)
    0x08000134   0x08000134   0x00000004   Code   RO         4657    .ARM.Collect$$$$00000004  mc_w.l(entry5.o)
    0x08000138   0x08000138   0x00000000   Code   RO         4659    .ARM.Collect$$$$00000008  mc_w.l(entry7b.o)
    0x08000138   0x08000138   0x00000000   Code   RO         4661    .ARM.Collect$$$$0000000A  mc_w.l(entry8b.o)
    0x08000138   0x08000138   0x00000008   Code   RO         4662    .ARM.Collect$$$$0000000B  mc_w.l(entry9a.o)
    0x08000140   0x08000140   0x00000000   Code   RO         4664    .ARM.Collect$$$$0000000D  mc_w.l(entry10a.o)
    0x08000140   0x08000140   0x00000000   Code   RO         4666    .ARM.Collect$$$$0000000F  mc_w.l(entry11a.o)
    0x08000140   0x08000140   0x00000004   Code   RO         4655    .ARM.Collect$$$$00002712  mc_w.l(entry2.o)
    0x08000144   0x08000144   0x00000024   Code   RO          362  * .text               startup_stm32f10x_hd.o
    0x08000168   0x08000168   0x0000000e   Code   RO         4561    .text               mc_w.l(strlen.o)
    0x08000176   0x08000176   0x0000001c   Code   RO         4563    .text               mc_w.l(strcmp.o)
    0x08000192   0x08000192   0x000000b0   Code   RO         4593    .text               mf_w.l(fadd.o)
    0x08000242   0x08000242   0x00000064   Code   RO         4595    .text               mf_w.l(fmul.o)
    0x080002a6   0x080002a6   0x0000014e   Code   RO         4597    .text               mf_w.l(dadd.o)
    0x080003f4   0x080003f4   0x000000e4   Code   RO         4599    .text               mf_w.l(dmul.o)
    0x080004d8   0x080004d8   0x000000de   Code   RO         4601    .text               mf_w.l(ddiv.o)
    0x080005b6   0x080005b6   0x00000012   Code   RO         4603    .text               mf_w.l(fflti.o)
    0x080005c8   0x080005c8   0x00000022   Code   RO         4605    .text               mf_w.l(dflti.o)
    0x080005ea   0x080005ea   0x0000001a   Code   RO         4607    .text               mf_w.l(dfltui.o)
    0x08000604   0x08000604   0x00000032   Code   RO         4609    .text               mf_w.l(ffixi.o)
    0x08000636   0x08000636   0x00000028   Code   RO         4611    .text               mf_w.l(ffixui.o)
    0x0800065e   0x0800065e   0x0000003e   Code   RO         4613    .text               mf_w.l(dfixi.o)
    0x0800069c   0x0800069c   0x00000032   Code   RO         4615    .text               mf_w.l(dfixui.o)
    0x080006ce   0x080006ce   0x00000026   Code   RO         4617    .text               mf_w.l(f2d.o)
    0x080006f4   0x080006f4   0x00000030   Code   RO         4619    .text               mf_w.l(cdcmple.o)
    0x08000724   0x08000724   0x00000030   Code   RO         4621    .text               mf_w.l(cdrcmple.o)
    0x08000754   0x08000754   0x00000038   Code   RO         4623    .text               mf_w.l(d2f.o)
    0x0800078c   0x0800078c   0x00000014   Code   RO         4625    .text               mf_w.l(cfcmple.o)
    0x080007a0   0x080007a0   0x00000014   Code   RO         4627    .text               mf_w.l(cfrcmple.o)
    0x080007b4   0x080007b4   0x0000002c   Code   RO         4669    .text               mc_w.l(uidiv.o)
    0x080007e0   0x080007e0   0x00000062   Code   RO         4671    .text               mc_w.l(uldiv.o)
    0x08000842   0x08000842   0x0000001e   Code   RO         4673    .text               mc_w.l(llshl.o)
    0x08000860   0x08000860   0x00000020   Code   RO         4675    .text               mc_w.l(llushr.o)
    0x08000880   0x08000880   0x00000024   Code   RO         4677    .text               mc_w.l(llsshr.o)
    0x080008a4   0x080008a4   0x00000000   Code   RO         4686    .text               mc_w.l(iusefp.o)
    0x080008a4   0x080008a4   0x0000006e   Code   RO         4687    .text               mf_w.l(fepilogue.o)
    0x08000912   0x08000912   0x000000ba   Code   RO         4689    .text               mf_w.l(depilogue.o)
    0x080009cc   0x080009cc   0x000000a2   Code   RO         4691    .text               mf_w.l(dsqrt.o)
    0x08000a6e   0x08000a6e   0x00000030   Code   RO         4695    .text               mf_w.l(dfixul.o)
    0x08000a9e   0x08000a9e   0x00000002   PAD
    0x08000aa0   0x08000aa0   0x00000024   Code   RO         4701    .text               mc_w.l(init.o)
    0x08000ac4   0x08000ac4   0x00000004   Code   RO          167    i.BusFault_Handler  stm32f10x_it.o
    0x08000ac8   0x08000ac8   0x0000001e   Code   RO         3442    i.CalculateChecksum  uart.o
    0x08000ae6   0x08000ae6   0x00000002   PAD
    0x08000ae8   0x08000ae8   0x00000020   Code   RO         3690    i.DIR1              contral.o
    0x08000b08   0x08000b08   0x00000024   Code   RO         3691    i.DIR2              contral.o
    0x08000b2c   0x08000b2c   0x00000024   Code   RO         3692    i.DIR3              contral.o
    0x08000b50   0x08000b50   0x00000020   Code   RO         3693    i.DIR4              contral.o
    0x08000b70   0x08000b70   0x00000016   Code   RO         4251    i.DMA1_Channel4_IRQHandler  ws2812.o
    0x08000b86   0x08000b86   0x00000002   PAD
    0x08000b88   0x08000b88   0x0000001c   Code   RO         1092    i.DMA_ClearITPendingBit  stm32f10x_dma.o
    0x08000ba4   0x08000ba4   0x0000014c   Code   RO         1094    i.DMA_DeInit        stm32f10x_dma.o
    0x08000cf0   0x08000cf0   0x0000002c   Code   RO         1097    i.DMA_GetITStatus   stm32f10x_dma.o
    0x08000d1c   0x08000d1c   0x00000012   Code   RO         1098    i.DMA_ITConfig      stm32f10x_dma.o
    0x08000d2e   0x08000d2e   0x0000003c   Code   RO         1099    i.DMA_Init          stm32f10x_dma.o
    0x08000d6a   0x08000d6a   0x00000002   Code   RO          168    i.DebugMon_Handler  stm32f10x_it.o
    0x08000d6c   0x08000d6c   0x00000116   Code   RO         1517    i.GPIO_Init         stm32f10x_gpio.o
    0x08000e82   0x08000e82   0x00000002   PAD
    0x08000e84   0x08000e84   0x00000090   Code   RO         1519    i.GPIO_PinRemapConfig  stm32f10x_gpio.o
    0x08000f14   0x08000f14   0x00000012   Code   RO         1521    i.GPIO_ReadInputDataBit  stm32f10x_gpio.o
    0x08000f26   0x08000f26   0x00000004   Code   RO         1524    i.GPIO_ResetBits    stm32f10x_gpio.o
    0x08000f2a   0x08000f2a   0x00000004   Code   RO         1525    i.GPIO_SetBits      stm32f10x_gpio.o
    0x08000f2e   0x08000f2e   0x0000000a   Code   RO         1528    i.GPIO_WriteBit     stm32f10x_gpio.o
    0x08000f38   0x08000f38   0x00000004   Code   RO          169    i.HardFault_Handler  stm32f10x_it.o
    0x08000f3c   0x08000f3c   0x00000034   Code   RO         3424    i.KEY_Init          key.o
    0x08000f70   0x08000f70   0x00000034   Code   RO         3425    i.Key_Get           key.o
    0x08000fa4   0x08000fa4   0x00000084   Code   RO         3406    i.LED_Init          led.o
    0x08001028   0x08001028   0x00000148   Code   RO         3333    i.MOTOR1_Init       motor.o
    0x08001170   0x08001170   0x0000013c   Code   RO         3335    i.MOTOR3_Init       motor.o
    0x080012ac   0x080012ac   0x00000140   Code   RO         3336    i.MOTOR4_Init       motor.o
    0x080013ec   0x080013ec   0x00000150   Code   RO         3339    i.MOTOR7_Init       motor.o
    0x0800153c   0x0800153c   0x00000140   Code   RO         3340    i.MOTOR8_Init       motor.o
    0x0800167c   0x0800167c   0x00000340   Code   RO         3694    i.MOTOR_Align       contral.o
    0x080019bc   0x080019bc   0x0000002c   Code   RO         3695    i.MOTOR_Angle       contral.o
    0x080019e8   0x080019e8   0x00000040   Code   RO         3696    i.MOTOR_Angle_micro  contral.o
    0x08001a28   0x08001a28   0x0000007c   Code   RO         3697    i.MOTOR_Direction   contral.o
    0x08001aa4   0x08001aa4   0x00000038   Code   RO         3698    i.MOTOR_Displacement  contral.o
    0x08001adc   0x08001adc   0x0000005c   Code   RO         3699    i.MOTOR_Displacement_fm  contral.o
    0x08001b38   0x08001b38   0x00000040   Code   RO         3700    i.MOTOR_Displacement_mm  contral.o
    0x08001b78   0x08001b78   0x00000040   Code   RO         3701    i.MOTOR_TURN        contral.o
    0x08001bb8   0x08001bb8   0x000001b0   Code   RO         3703    i.MSD_Move          contral.o
    0x08001d68   0x08001d68   0x0000018c   Code   RO         3704    i.MSD_Move1         contral.o
    0x08001ef4   0x08001ef4   0x00000190   Code   RO         3705    i.MSD_Move2         contral.o
    0x08002084   0x08002084   0x00000020   Code   RO         3706    i.MSD_StepCounter   contral.o
    0x080020a4   0x080020a4   0x00000020   Code   RO         3707    i.MSD_StepCounter1  contral.o
    0x080020c4   0x080020c4   0x00000020   Code   RO         3708    i.MSD_StepCounter2  contral.o
    0x080020e4   0x080020e4   0x00000004   Code   RO          170    i.MemManage_Handler  stm32f10x_it.o
    0x080020e8   0x080020e8   0x00000020   Code   RO         3709    i.Motor1_DIR        contral.o
    0x08002108   0x08002108   0x00000002   Code   RO          171    i.NMI_Handler       stm32f10x_it.o
    0x0800210a   0x0800210a   0x00000002   PAD
    0x0800210c   0x0800210c   0x00000070   Code   RO          366    i.NVIC_Init         misc.o
    0x0800217c   0x0800217c   0x00000014   Code   RO          367    i.NVIC_PriorityGroupConfig  misc.o
    0x08002190   0x08002190   0x00000028   Code   RO         4296    i.OLED_Clear        oled.o
    0x080021b8   0x080021b8   0x00000090   Code   RO         4297    i.OLED_ClearArea    oled.o
    0x08002248   0x08002248   0x0000005c   Code   RO         4305    i.OLED_GPIO_Init    oled.o
    0x080022a4   0x080022a4   0x0000003e   Code   RO         4307    i.OLED_I2C_SendByte  oled.o
    0x080022e2   0x080022e2   0x0000001c   Code   RO         4308    i.OLED_I2C_Start    oled.o
    0x080022fe   0x080022fe   0x00000016   Code   RO         4309    i.OLED_I2C_Stop     oled.o
    0x08002314   0x08002314   0x0000009a   Code   RO         4310    i.OLED_Init         oled.o
    0x080023ae   0x080023ae   0x00000014   Code   RO         4312    i.OLED_Pow          oled.o
    0x080023c2   0x080023c2   0x00000032   Code   RO         4313    i.OLED_Printf       oled.o
    0x080023f4   0x080023f4   0x00000022   Code   RO         4316    i.OLED_SetCursor    oled.o
    0x08002416   0x08002416   0x00000002   PAD
    0x08002418   0x08002418   0x00000054   Code   RO         4318    i.OLED_ShowChar     oled.o
    0x0800246c   0x0800246c   0x000000fc   Code   RO         4321    i.OLED_ShowImage    oled.o
    0x08002568   0x08002568   0x00000070   Code   RO         4323    i.OLED_ShowSignedNum  oled.o
    0x080025d8   0x080025d8   0x00000110   Code   RO         4324    i.OLED_ShowString   oled.o
    0x080026e8   0x080026e8   0x00000028   Code   RO         4325    i.OLED_Update       oled.o
    0x08002710   0x08002710   0x0000001c   Code   RO         4327    i.OLED_W_SCL        oled.o
    0x0800272c   0x0800272c   0x0000001c   Code   RO         4328    i.OLED_W_SDA        oled.o
    0x08002748   0x08002748   0x00000020   Code   RO         4329    i.OLED_WriteCommand  oled.o
    0x08002768   0x08002768   0x0000002e   Code   RO         4330    i.OLED_WriteData    oled.o
    0x08002796   0x08002796   0x00000002   PAD
    0x08002798   0x08002798   0x0000013c   Code   RO         3443    i.ParseData         uart.o
    0x080028d4   0x080028d4   0x00000002   Code   RO          172    i.PendSV_Handler    stm32f10x_it.o
    0x080028d6   0x080028d6   0x00000002   PAD
    0x080028d8   0x080028d8   0x00000020   Code   RO         1932    i.RCC_AHBPeriphClockCmd  stm32f10x_rcc.o
    0x080028f8   0x080028f8   0x00000020   Code   RO         1933    i.RCC_APB1PeriphClockCmd  stm32f10x_rcc.o
    0x08002918   0x08002918   0x00000020   Code   RO         1935    i.RCC_APB2PeriphClockCmd  stm32f10x_rcc.o
    0x08002938   0x08002938   0x000000d4   Code   RO         1943    i.RCC_GetClocksFreq  stm32f10x_rcc.o
    0x08002a0c   0x08002a0c   0x00000028   Code   RO         3444    i.ResetAng_Z        uart.o
    0x08002a34   0x08002a34   0x0000004c   Code   RO         3987    i.SERVO2_CONTRAL    servo.o
    0x08002a80   0x08002a80   0x0000004c   Code   RO         3988    i.SERVO3_CONTRAL    servo.o
    0x08002acc   0x08002acc   0x00000002   Code   RO          173    i.SVC_Handler       stm32f10x_it.o
    0x08002ace   0x08002ace   0x00000002   PAD
    0x08002ad0   0x08002ad0   0x0000001c   Code   RO         3445    i.Serial1_GetRxFlag  uart.o
    0x08002aec   0x08002aec   0x0000001c   Code   RO         3447    i.Serial5_GetRxFlag  uart.o
    0x08002b08   0x08002b08   0x000000a0   Code   RO         3990    i.Servo2_Init       servo.o
    0x08002ba8   0x08002ba8   0x000000a0   Code   RO         3991    i.Servo3_Init       servo.o
    0x08002c48   0x08002c48   0x00000008   Code   RO          256    i.SetSysClock       system_stm32f10x.o
    0x08002c50   0x08002c50   0x000000e0   Code   RO          257    i.SetSysClockTo72   system_stm32f10x.o
    0x08002d30   0x08002d30   0x00000002   Code   RO          174    i.SysTick_Handler   stm32f10x_it.o
    0x08002d32   0x08002d32   0x00000002   PAD
    0x08002d34   0x08002d34   0x00000060   Code   RO          259    i.SystemInit        system_stm32f10x.o
    0x08002d94   0x08002d94   0x00000220   Code   RO         3341    i.TIM2_IRQHandler   motor.o
    0x08002fb4   0x08002fb4   0x0000023c   Code   RO         3342    i.TIM3_IRQHandler   motor.o
    0x080031f0   0x080031f0   0x00000220   Code   RO         3343    i.TIM4_IRQHandler   motor.o
    0x08003410   0x08003410   0x00000068   Code   RO         4028    i.TIM6_COUNT_Init   time_count.o
    0x08003478   0x08003478   0x00000048   Code   RO         4029    i.TIM6_IRQHandler   time_count.o
    0x080034c0   0x080034c0   0x00000018   Code   RO         2555    i.TIM_ARRPreloadConfig  stm32f10x_tim.o
    0x080034d8   0x080034d8   0x00000006   Code   RO         2562    i.TIM_ClearITPendingBit  stm32f10x_tim.o
    0x080034de   0x080034de   0x00000018   Code   RO         2567    i.TIM_Cmd           stm32f10x_tim.o
    0x080034f6   0x080034f6   0x0000001e   Code   RO         2569    i.TIM_CtrlPWMOutputs  stm32f10x_tim.o
    0x08003514   0x08003514   0x00000012   Code   RO         2570    i.TIM_DMACmd        stm32f10x_tim.o
    0x08003526   0x08003526   0x00000022   Code   RO         2588    i.TIM_GetITStatus   stm32f10x_tim.o
    0x08003548   0x08003548   0x00000012   Code   RO         2592    i.TIM_ITConfig      stm32f10x_tim.o
    0x0800355a   0x0800355a   0x00000002   PAD
    0x0800355c   0x0800355c   0x00000098   Code   RO         2596    i.TIM_OC1Init       stm32f10x_tim.o
    0x080035f4   0x080035f4   0x00000012   Code   RO         2599    i.TIM_OC1PreloadConfig  stm32f10x_tim.o
    0x08003606   0x08003606   0x00000002   PAD
    0x08003608   0x08003608   0x000000a4   Code   RO         2601    i.TIM_OC2Init       stm32f10x_tim.o
    0x080036ac   0x080036ac   0x0000001a   Code   RO         2604    i.TIM_OC2PreloadConfig  stm32f10x_tim.o
    0x080036c6   0x080036c6   0x00000002   PAD
    0x080036c8   0x080036c8   0x000000a0   Code   RO         2606    i.TIM_OC3Init       stm32f10x_tim.o
    0x08003768   0x08003768   0x00000012   Code   RO         2609    i.TIM_OC3PreloadConfig  stm32f10x_tim.o
    0x0800377a   0x0800377a   0x00000002   PAD
    0x0800377c   0x0800377c   0x0000007c   Code   RO         2611    i.TIM_OC4Init       stm32f10x_tim.o
    0x080037f8   0x080037f8   0x0000001a   Code   RO         2613    i.TIM_OC4PreloadConfig  stm32f10x_tim.o
    0x08003812   0x08003812   0x00000014   Code   RO         2614    i.TIM_OCStructInit  stm32f10x_tim.o
    0x08003826   0x08003826   0x00000004   Code   RO         2626    i.TIM_SetAutoreload  stm32f10x_tim.o
    0x0800382a   0x0800382a   0x00000004   Code   RO         2628    i.TIM_SetCompare1   stm32f10x_tim.o
    0x0800382e   0x0800382e   0x00000004   Code   RO         2629    i.TIM_SetCompare2   stm32f10x_tim.o
    0x08003832   0x08003832   0x00000004   Code   RO         2630    i.TIM_SetCompare3   stm32f10x_tim.o
    0x08003836   0x08003836   0x00000006   Code   RO         2631    i.TIM_SetCompare4   stm32f10x_tim.o
    0x0800383c   0x0800383c   0x000000a4   Code   RO         2638    i.TIM_TimeBaseInit  stm32f10x_tim.o
    0x080038e0   0x080038e0   0x00000012   Code   RO         2639    i.TIM_TimeBaseStructInit  stm32f10x_tim.o
    0x080038f2   0x080038f2   0x00000018   Code   RO         2641    i.TIM_UpdateRequestConfig  stm32f10x_tim.o
    0x0800390a   0x0800390a   0x00000002   PAD
    0x0800390c   0x0800390c   0x000000a8   Code   RO         3449    i.UART1_Init        uart.o
    0x080039b4   0x080039b4   0x0000001a   Code   RO         3452    i.UART1_SendString  uart.o
    0x080039ce   0x080039ce   0x00000002   PAD
    0x080039d0   0x080039d0   0x000000b4   Code   RO         3453    i.UART2_Init        uart.o
    0x08003a84   0x08003a84   0x000000b8   Code   RO         3455    i.UART4_IRQHandler  uart.o
    0x08003b3c   0x08003b3c   0x000000ac   Code   RO         3456    i.UART4_Init        uart.o
    0x08003be8   0x08003be8   0x000000a0   Code   RO         3457    i.UART5_IRQHandler  uart.o
    0x08003c88   0x08003c88   0x000000c0   Code   RO         3458    i.UART5_Init        uart.o
    0x08003d48   0x08003d48   0x00000040   Code   RO         3459    i.UART5_ParseCode   uart.o
    0x08003d88   0x08003d88   0x0000001a   Code   RO         3460    i.UART5_SendArray   uart.o
    0x08003da2   0x08003da2   0x00000002   PAD
    0x08003da4   0x08003da4   0x00000020   Code   RO         3462    i.UART5_Start_Scan  uart.o
    0x08003dc4   0x08003dc4   0x00000018   Code   RO         3464    i.UART_SendPacket2UP  uart.o
    0x08003ddc   0x08003ddc   0x00000094   Code   RO         3465    i.USART1_IRQHandler  uart.o
    0x08003e70   0x08003e70   0x00000020   Code   RO         3466    i.USART1_SendBits   uart.o
    0x08003e90   0x08003e90   0x00000038   Code   RO         3467    i.USART2_IRQHandler  uart.o
    0x08003ec8   0x08003ec8   0x0000001c   Code   RO         3470    i.USART5_SendBits   uart.o
    0x08003ee4   0x08003ee4   0x0000001e   Code   RO         3100    i.USART_ClearITPendingBit  stm32f10x_usart.o
    0x08003f02   0x08003f02   0x00000018   Code   RO         3103    i.USART_Cmd         stm32f10x_usart.o
    0x08003f1a   0x08003f1a   0x0000001a   Code   RO         3106    i.USART_GetFlagStatus  stm32f10x_usart.o
    0x08003f34   0x08003f34   0x00000054   Code   RO         3107    i.USART_GetITStatus  stm32f10x_usart.o
    0x08003f88   0x08003f88   0x0000004a   Code   RO         3109    i.USART_ITConfig    stm32f10x_usart.o
    0x08003fd2   0x08003fd2   0x00000002   PAD
    0x08003fd4   0x08003fd4   0x000000d8   Code   RO         3110    i.USART_Init        stm32f10x_usart.o
    0x080040ac   0x080040ac   0x0000000a   Code   RO         3117    i.USART_ReceiveData  stm32f10x_usart.o
    0x080040b6   0x080040b6   0x00000008   Code   RO         3120    i.USART_SendData    stm32f10x_usart.o
    0x080040be   0x080040be   0x00000002   PAD
    0x080040c0   0x080040c0   0x00000020   Code   RO         3473    i.Uart4_SendByte    uart.o
    0x080040e0   0x080040e0   0x00000004   Code   RO          175    i.UsageFault_Handler  stm32f10x_it.o
    0x080040e4   0x080040e4   0x00000110   Code   RO         4252    i.WS2812_Init       ws2812.o
    0x080041f4   0x080041f4   0x00000024   Code   RO         4572    i.__0vsprintf       mc_w.l(printfa.o)
    0x08004218   0x08004218   0x0000000e   Code   RO         4707    i.__scatterload_copy  mc_w.l(handlers.o)
    0x08004226   0x08004226   0x00000002   Code   RO         4708    i.__scatterload_null  mc_w.l(handlers.o)
    0x08004228   0x08004228   0x0000000e   Code   RO         4709    i.__scatterload_zeroinit  mc_w.l(handlers.o)
    0x08004236   0x08004236   0x00000002   PAD
    0x08004238   0x08004238   0x0000000c   Code   RO         4681    i.__set_errno       mc_w.l(errno.o)
    0x08004244   0x08004244   0x00000184   Code   RO         4573    i._fp_digits        mc_w.l(printfa.o)
    0x080043c8   0x080043c8   0x000006dc   Code   RO         4574    i._printf_core      mc_w.l(printfa.o)
    0x08004aa4   0x08004aa4   0x00000024   Code   RO         4575    i._printf_post_padding  mc_w.l(printfa.o)
    0x08004ac8   0x08004ac8   0x0000002e   Code   RO         4576    i._printf_pre_padding  mc_w.l(printfa.o)
    0x08004af6   0x08004af6   0x0000000a   Code   RO         4578    i._sputc            mc_w.l(printfa.o)
    0x08004b00   0x08004b00   0x00000010   Code   RO         3711    i.abs_int           contral.o
    0x08004b10   0x08004b10   0x0000001e   Code   RO         3712    i.adjust_float      contral.o
    0x08004b2e   0x08004b2e   0x00000002   PAD
    0x08004b30   0x08004b30   0x00000024   Code   RO         4047    i.arrive_block2_get  contral_claw.o
    0x08004b54   0x08004b54   0x00000024   Code   RO         4050    i.arrive_block_get  contral_claw.o
    0x08004b78   0x08004b78   0x0000002c   Code   RO         4051    i.arrive_block_get1  contral_claw.o
    0x08004ba4   0x08004ba4   0x00000024   Code   RO         4052    i.arrive_block_put  contral_claw.o
    0x08004bc8   0x08004bc8   0x00000024   Code   RO         4054    i.arrive_camera     contral_claw.o
    0x08004bec   0x08004bec   0x00000024   Code   RO         4056    i.arrive_car2_put   contral_claw.o
    0x08004c10   0x08004c10   0x00000024   Code   RO         4057    i.arrive_car_get    contral_claw.o
    0x08004c34   0x08004c34   0x00000024   Code   RO         4058    i.arrive_car_put    contral_claw.o
    0x08004c58   0x08004c58   0x00000024   Code   RO         4059    i.arrive_circle_capture  contral_claw.o
    0x08004c7c   0x08004c7c   0x00000024   Code   RO         4060    i.arrive_circle_capture2  contral_claw.o
    0x08004ca0   0x08004ca0   0x00000024   Code   RO         4061    i.arrive_color_reco  contral_claw.o
    0x08004cc4   0x08004cc4   0x00000024   Code   RO         4062    i.arrive_most_down  contral_claw.o
    0x08004ce8   0x08004ce8   0x00000024   Code   RO         4063    i.arrive_most_up    contral_claw.o
    0x08004d0c   0x08004d0c   0x00000024   Code   RO         4065    i.arrive_put_down2  contral_claw.o
    0x08004d30   0x08004d30   0x00000028   Code   RO         3713    i.claw_Init         contral.o
    0x08004d58   0x08004d58   0x0000002c   Code   RO         3714    i.claw_close        contral.o
    0x08004d84   0x08004d84   0x0000002c   Code   RO         3715    i.claw_close2       contral.o
    0x08004db0   0x08004db0   0x00000044   Code   RO         4066    i.claw_get_block1   contral_claw.o
    0x08004df4   0x08004df4   0x00000044   Code   RO         4067    i.claw_get_block2   contral_claw.o
    0x08004e38   0x08004e38   0x00000044   Code   RO         4068    i.claw_get_block3   contral_claw.o
    0x08004e7c   0x08004e7c   0x00000044   Code   RO         4069    i.claw_get_block4   contral_claw.o
    0x08004ec0   0x08004ec0   0x00000044   Code   RO         4070    i.claw_get_block5   contral_claw.o
    0x08004f04   0x08004f04   0x00000018   Code   RO         4071    i.claw_home         contral_claw.o
    0x08004f1c   0x08004f1c   0x0000002c   Code   RO         3718    i.claw_open         contral.o
    0x08004f48   0x08004f48   0x0000002c   Code   RO         3719    i.claw_open1        contral.o
    0x08004f74   0x08004f74   0x00000084   Code   RO         4072    i.claw_position     contral_claw.o
    0x08004ff8   0x08004ff8   0x0000004c   Code   RO         4074    i.claw_put_block1   contral_claw.o
    0x08005044   0x08005044   0x0000004c   Code   RO         4075    i.claw_put_block2   contral_claw.o
    0x08005090   0x08005090   0x0000004e   Code   RO         4076    i.claw_put_block3   contral_claw.o
    0x080050de   0x080050de   0x0000004e   Code   RO         4077    i.claw_put_block4   contral_claw.o
    0x0800512c   0x0800512c   0x0000004e   Code   RO         4078    i.claw_put_block5   contral_claw.o
    0x0800517a   0x0800517a   0x00000002   PAD
    0x0800517c   0x0800517c   0x00000014   Code   RO         3720    i.claw_turn0        contral.o
    0x08005190   0x08005190   0x00000014   Code   RO         3721    i.claw_turn1        contral.o
    0x080051a4   0x080051a4   0x00000014   Code   RO         3723    i.claw_turn2        contral.o
    0x080051b8   0x080051b8   0x00000014   Code   RO         3724    i.claw_turn3        contral.o
    0x080051cc   0x080051cc   0x00000014   Code   RO         3725    i.claw_turn4        contral.o
    0x080051e0   0x080051e0   0x00000014   Code   RO         3726    i.claw_turn5        contral.o
    0x080051f4   0x080051f4   0x00000014   Code   RO         3729    i.contral_motor_Init  contral.o
    0x08005208   0x08005208   0x00000018   Code   RO          325    i.delay_ms          delay.o
    0x08005220   0x08005220   0x0000002e   Code   RO          327    i.delay_us          delay.o
    0x0800524e   0x0800524e   0x00000002   PAD
    0x08005250   0x08005250   0x00000068   Code   RO         3476    i.determicro        uart.o
    0x080052b8   0x080052b8   0x00000250   Code   RO            1    i.main              main.o
    0x08005508   0x08005508   0x0000002a   Code   RO         3730    i.max_Return        contral.o
    0x08005532   0x08005532   0x0000004c   Code   RO         4551    i.sqrt              m_ws.l(sqrt.o)
    0x0800557e   0x0800557e   0x00000012   Code   RO         3731    i.support_turn120   contral.o
    0x08005590   0x08005590   0x00000036   Code   RO         3974    i.system_Init       system_init.o
    0x080055c6   0x080055c6   0x00000002   PAD
    0x080055c8   0x080055c8   0x00000094   Code   RO         3478    i.u2_printf         uart.o
    0x0800565c   0x0800565c   0x0000098c   Code   RO         3734    i.uart_handle       contral.o
    0x08005fe8   0x08005fe8   0x0000093f   Data   RO         4528    .constdata          oled_data.o
    0x08006927   0x08006927   0x00000001   PAD
    0x08006928   0x08006928   0x00000020   Data   RO         4705    Region$$Table       anon$$obj.o


    Execution Region ER_RW (Exec base: 0x20000000, Load base: 0x08006948, Size: 0x0000008c, Max: 0xffffffff, ABSOLUTE)

    Exec Addr    Load Addr    Size         Type   Attr      Idx    E Section Name        Object

    0x20000000   0x08006948   0x00000006   Data   RW            3    .data               main.o
    0x20000006   0x0800694e   0x00000014   Data   RW         1963    .data               stm32f10x_rcc.o
    0x2000001a   0x08006962   0x00000002   PAD
    0x2000001c   0x08006964   0x00000024   Data   RW         3344    .data               motor.o
    0x20000040   0x08006988   0x0000001e   Data   RW         3480    .data               uart.o
    0x2000005e   0x080069a6   0x00000002   PAD
    0x20000060   0x080069a8   0x0000001c   Data   RW         3736    .data               contral.o
    0x2000007c   0x080069c4   0x00000001   Data   RW         4030    .data               time_count.o
    0x2000007d   0x080069c5   0x00000001   PAD
    0x2000007e   0x080069c6   0x00000008   Data   RW         4079    .data               contral_claw.o
    0x20000086   0x080069ce   0x00000002   PAD
    0x20000088   0x080069d0   0x00000004   Data   RW         4682    .data               mc_w.l(errno.o)


    Execution Region ER_ZI (Exec base: 0x2000008c, Load base: 0x080069d4, Size: 0x00000b74, Max: 0xffffffff, ABSOLUTE)

    Exec Addr    Load Addr    Size         Type   Attr      Idx    E Section Name        Object

    0x2000008c        -       0x000000e7   Zero   RW         3479    .bss                uart.o
    0x20000173   0x080069d4   0x00000001   PAD
    0x20000174        -       0x00000048   Zero   RW         3735    .bss                contral.o
    0x200001bc        -       0x00000240   Zero   RW         4257    .bss                ws2812.o
    0x200003fc        -       0x00000400   Zero   RW         4332    .bss                oled.o
    0x200007fc   0x080069d4   0x00000004   PAD
    0x20000800        -       0x00000400   Zero   RW          359    STACK               startup_stm32f10x_hd.o


==============================================================================

Image component sizes


      Code (inc. data)   RO Data    RW Data    ZI Data      Debug   Object Name

      5738        478          0         28         72      22723   contral.o
      1394         72          0          8          0      13929   contral_claw.o
        70          0          0          0          0        914   delay.o
       104         10          0          0          0        925   key.o
       132         10          0          0          0        495   led.o
       592        102          0          6          0     263344   main.o
       132         22          0          0          0       1431   misc.o
      3280        150          0         36          0       6000   motor.o
      1540         52          0          0       1024      11637   oled.o
         0          0       2367          0          0       1054   oled_data.o
       472         48          0          0          0       2294   servo.o
        36          8        304          0       1024        764   startup_stm32f10x_hd.o
       482         26          0          0          0       4405   stm32f10x_dma.o
       458          6          0          0          0       4850   stm32f10x_gpio.o
        26          0          0          0          0       3406   stm32f10x_it.o
       308         38          0         20          0       4806   stm32f10x_rcc.o
      1090         92          0          0          0      13973   stm32f10x_tim.o
       472          6          0          0          0       6519   stm32f10x_usart.o
         0          0          0          0          0         32   sys.o
        54          0          0          0          0        490   system_init.o
       328         28          0          0          0       1665   system_stm32f10x.o
       176         22          0          1          0       1024   time_count.o
      2218        194          0         30        231      15137   uart.o
       294         16          0          0        576       1729   ws2812.o

    ----------------------------------------------------------------------
     19440       1380       2704        136       2932     383546   Object Totals
         0          0         32          0          0          0   (incl. Generated)
        44          0          1          7          5          0   (incl. Padding)

    ----------------------------------------------------------------------

      Code (inc. data)   RO Data    RW Data    ZI Data      Debug   Library Member Name

        76          0          0          0          0         84   sqrt.o
         0          0          0          0          0          0   entry.o
         0          0          0          0          0          0   entry10a.o
         0          0          0          0          0          0   entry11a.o
         8          4          0          0          0          0   entry2.o
         4          0          0          0          0          0   entry5.o
         0          0          0          0          0          0   entry7b.o
         0          0          0          0          0          0   entry8b.o
         8          4          0          0          0          0   entry9a.o
        12          6          0          4          0         68   errno.o
        30          0          0          0          0          0   handlers.o
        36          8          0          0          0         68   init.o
         0          0          0          0          0          0   iusefp.o
        30          0          0          0          0         68   llshl.o
        36          0          0          0          0         68   llsshr.o
        32          0          0          0          0         68   llushr.o
      2272         86          0          0          0        516   printfa.o
        28          0          0          0          0         76   strcmp.o
        14          0          0          0          0         68   strlen.o
        44          0          0          0          0         80   uidiv.o
        98          0          0          0          0         92   uldiv.o
        48          0          0          0          0         68   cdcmple.o
        48          0          0          0          0         68   cdrcmple.o
        20          0          0          0          0         68   cfcmple.o
        20          0          0          0          0         68   cfrcmple.o
        56          0          0          0          0         88   d2f.o
       334          0          0          0          0        148   dadd.o
       222          0          0          0          0        100   ddiv.o
       186          0          0          0          0        176   depilogue.o
        62          0          0          0          0         80   dfixi.o
        50          0          0          0          0         76   dfixui.o
        48          0          0          0          0         68   dfixul.o
        34          0          0          0          0         76   dflti.o
        26          0          0          0          0         76   dfltui.o
       228          0          0          0          0         96   dmul.o
       162          0          0          0          0        100   dsqrt.o
        38          0          0          0          0         68   f2d.o
       176          0          0          0          0        140   fadd.o
       110          0          0          0          0        168   fepilogue.o
        50          0          0          0          0         68   ffixi.o
        40          0          0          0          0         68   ffixui.o
        18          0          0          0          0         68   fflti.o
       100          0          0          0          0         76   fmul.o

    ----------------------------------------------------------------------
      4808        108          0          4          0       3268   Library Totals
         4          0          0          0          0          0   (incl. Padding)

    ----------------------------------------------------------------------

      Code (inc. data)   RO Data    RW Data    ZI Data      Debug   Library Name

        76          0          0          0          0         84   m_ws.l
      2652        108          0          4          0       1172   mc_w.l
      2076          0          0          0          0       2012   mf_w.l

    ----------------------------------------------------------------------
      4808        108          0          4          0       3268   Library Totals

    ----------------------------------------------------------------------

==============================================================================


      Code (inc. data)   RO Data    RW Data    ZI Data      Debug   

     24248       1488       2704        140       2932     375526   Grand Totals
     24248       1488       2704        140       2932     375526   ELF Image Totals
     24248       1488       2704        140          0          0   ROM Totals

==============================================================================

    Total RO  Size (Code + RO Data)                26952 (  26.32kB)
    Total RW  Size (RW Data + ZI Data)              3072 (   3.00kB)
    Total ROM Size (Code + RO Data + RW Data)      27092 (  26.46kB)

==============================================================================

